Archive member included to satisfy reference by file (symbol)

c:/ac6/systemworkbench/plugins/fr.ac6.mcu.externaltools.arm-none.win32_1.15.0.201708311556/tools/compiler/bin/../lib/gcc/arm-none-eabi/6.3.1/../../../../arm-none-eabi/lib/thumb/v7e-m/fpv4-sp/hard\libc_nano.a(lib_a-exit.o)
                              c:/ac6/systemworkbench/plugins/fr.ac6.mcu.externaltools.arm-none.win32_1.15.0.201708311556/tools/compiler/bin/../lib/gcc/arm-none-eabi/6.3.1/../../../../arm-none-eabi/lib/thumb/v7e-m/fpv4-sp/hard/crt0.o (exit)
c:/ac6/systemworkbench/plugins/fr.ac6.mcu.externaltools.arm-none.win32_1.15.0.201708311556/tools/compiler/bin/../lib/gcc/arm-none-eabi/6.3.1/../../../../arm-none-eabi/lib/thumb/v7e-m/fpv4-sp/hard\libc_nano.a(lib_a-impure.o)
                              c:/ac6/systemworkbench/plugins/fr.ac6.mcu.externaltools.arm-none.win32_1.15.0.201708311556/tools/compiler/bin/../lib/gcc/arm-none-eabi/6.3.1/../../../../arm-none-eabi/lib/thumb/v7e-m/fpv4-sp/hard\libc_nano.a(lib_a-exit.o) (_global_impure_ptr)
c:/ac6/systemworkbench/plugins/fr.ac6.mcu.externaltools.arm-none.win32_1.15.0.201708311556/tools/compiler/bin/../lib/gcc/arm-none-eabi/6.3.1/../../../../arm-none-eabi/lib/thumb/v7e-m/fpv4-sp/hard\libc_nano.a(lib_a-init.o)
                              c:/ac6/systemworkbench/plugins/fr.ac6.mcu.externaltools.arm-none.win32_1.15.0.201708311556/tools/compiler/bin/../lib/gcc/arm-none-eabi/6.3.1/../../../../arm-none-eabi/lib/thumb/v7e-m/fpv4-sp/hard/crt0.o (__libc_init_array)
c:/ac6/systemworkbench/plugins/fr.ac6.mcu.externaltools.arm-none.win32_1.15.0.201708311556/tools/compiler/bin/../lib/gcc/arm-none-eabi/6.3.1/../../../../arm-none-eabi/lib/thumb/v7e-m/fpv4-sp/hard\libc_nano.a(lib_a-memset.o)
                              c:/ac6/systemworkbench/plugins/fr.ac6.mcu.externaltools.arm-none.win32_1.15.0.201708311556/tools/compiler/bin/../lib/gcc/arm-none-eabi/6.3.1/../../../../arm-none-eabi/lib/thumb/v7e-m/fpv4-sp/hard/crt0.o (memset)
c:/ac6/systemworkbench/plugins/fr.ac6.mcu.externaltools.arm-none.win32_1.15.0.201708311556/tools/compiler/bin/../lib/gcc/arm-none-eabi/6.3.1/../../../../arm-none-eabi/lib/thumb/v7e-m/fpv4-sp/hard\libnosys.a(_exit.o)
                              c:/ac6/systemworkbench/plugins/fr.ac6.mcu.externaltools.arm-none.win32_1.15.0.201708311556/tools/compiler/bin/../lib/gcc/arm-none-eabi/6.3.1/../../../../arm-none-eabi/lib/thumb/v7e-m/fpv4-sp/hard\libc_nano.a(lib_a-exit.o) (_exit)

Allocating common symbols
Common symbol       size              file

hUsbDeviceFS        0x224             Src/usb_device.o
g_SpaPowerStatus    0x1               Src/main.o
g_cdcBuf1           0xa               Src/main.o
g_cdcBuf            0xa               Src/main.o
hcan                0x44              Src/can.o
uwTick              0x4               Drivers/STM32F3xx_HAL_Driver/Src/stm32f3xx_hal.o
temp                0x4               Src/main.o
pFlash              0x20              Drivers/STM32F3xx_HAL_Driver/Src/stm32f3xx_hal_flash.o
UserRxBufferFS      0x3e8             Src/usbd_cdc_if.o
htim3               0x40              Src/tim.o
UserTxBufferFS      0x3e8             Src/usbd_cdc_if.o
g_sendDelay         0x2               Src/main.o
htim1               0x40              Src/tim.o
g_cdcBuf2           0xa               Src/main.o
htim2               0x40              Src/tim.o
hpcd_USB_FS         0x3a8             Src/usbd_conf.o
USBD_StrDesc        0x200             Src/usbd_desc.o

Discarded input sections

 .text          0x00000000        0x0 c:/ac6/systemworkbench/plugins/fr.ac6.mcu.externaltools.arm-none.win32_1.15.0.201708311556/tools/compiler/bin/../lib/gcc/arm-none-eabi/6.3.1/thumb/v7e-m/fpv4-sp/hard/crti.o
 .data          0x00000000        0x0 c:/ac6/systemworkbench/plugins/fr.ac6.mcu.externaltools.arm-none.win32_1.15.0.201708311556/tools/compiler/bin/../lib/gcc/arm-none-eabi/6.3.1/thumb/v7e-m/fpv4-sp/hard/crti.o
 .bss           0x00000000        0x0 c:/ac6/systemworkbench/plugins/fr.ac6.mcu.externaltools.arm-none.win32_1.15.0.201708311556/tools/compiler/bin/../lib/gcc/arm-none-eabi/6.3.1/thumb/v7e-m/fpv4-sp/hard/crti.o
 .data          0x00000000        0x4 c:/ac6/systemworkbench/plugins/fr.ac6.mcu.externaltools.arm-none.win32_1.15.0.201708311556/tools/compiler/bin/../lib/gcc/arm-none-eabi/6.3.1/thumb/v7e-m/fpv4-sp/hard/crtbegin.o
 .text          0x00000000       0x74 c:/ac6/systemworkbench/plugins/fr.ac6.mcu.externaltools.arm-none.win32_1.15.0.201708311556/tools/compiler/bin/../lib/gcc/arm-none-eabi/6.3.1/../../../../arm-none-eabi/lib/thumb/v7e-m/fpv4-sp/hard/crt0.o
 .data          0x00000000        0x0 c:/ac6/systemworkbench/plugins/fr.ac6.mcu.externaltools.arm-none.win32_1.15.0.201708311556/tools/compiler/bin/../lib/gcc/arm-none-eabi/6.3.1/../../../../arm-none-eabi/lib/thumb/v7e-m/fpv4-sp/hard/crt0.o
[...]
Memory Configuration

Name             Origin             Length             Attributes
RAM              0x20000000         0x00008000         xrw
CCMRAM           0x10000000         0x00002000         rw
FLASH            0x08000000         0x00020000         xr
*default*        0x00000000         0xffffffff

Linker script and memory map

LOAD c:/ac6/systemworkbench/plugins/fr.ac6.mcu.externaltools.arm-none.win32_1.15.0.201708311556/tools/compiler/bin/../lib/gcc/arm-none-eabi/6.3.1/thumb/v7e-m/fpv4-sp/hard/crti.o
LOAD c:/ac6/systemworkbench/plugins/fr.ac6.mcu.externaltools.arm-none.win32_1.15.0.201708311556/tools/compiler/bin/../lib/gcc/arm-none-eabi/6.3.1/thumb/v7e-m/fpv4-sp/hard/crtbegin.o
LOAD c:/ac6/systemworkbench/plugins/fr.ac6.mcu.externaltools.arm-none.win32_1.15.0.201708311556/tools/compiler/bin/../lib/gcc/arm-none-eabi/6.3.1/../../../../arm-none-eabi/lib/thumb/v7e-m/fpv4-sp/hard/crt0.o
LOAD Drivers/STM32F3xx_HAL_Driver/Src/stm32f3xx_hal.o
LOAD Drivers/STM32F3xx_HAL_Driver/Src/stm32f3xx_hal_can.o
LOAD Drivers/STM32F3xx_HAL_Driver/Src/stm32f3xx_hal_cortex.o
LOAD Drivers/STM32F3xx_HAL_Driver/Src/stm32f3xx_hal_dma.o
LOAD Drivers/STM32F3xx_HAL_Driver/Src/stm32f3xx_hal_flash.o
LOAD Drivers/STM32F3xx_HAL_Driver/Src/stm32f3xx_hal_flash_ex.o
LOAD Drivers/STM32F3xx_HAL_Driver/Src/stm32f3xx_hal_gpio.o
LOAD Drivers/STM32F3xx_HAL_Driver/Src/stm32f3xx_hal_i2c.o
LOAD Drivers/STM32F3xx_HAL_Driver/Src/stm32f3xx_hal_i2c_ex.o
LOAD Drivers/STM32F3xx_HAL_Driver/Src/stm32f3xx_hal_pcd.o
LOAD Drivers/STM32F3xx_HAL_Driver/Src/stm32f3xx_hal_pcd_ex.o
LOAD Drivers/STM32F3xx_HAL_Driver/Src/stm32f3xx_hal_pwr.o
LOAD Drivers/STM32F3xx_HAL_Driver/Src/stm32f3xx_hal_pwr_ex.o
LOAD Drivers/STM32F3xx_HAL_Driver/Src/stm32f3xx_hal_rcc.o
LOAD Drivers/STM32F3xx_HAL_Driver/Src/stm32f3xx_hal_rcc_ex.o
LOAD Drivers/STM32F3xx_HAL_Driver/Src/stm32f3xx_hal_tim.o
LOAD Drivers/STM32F3xx_HAL_Driver/Src/stm32f3xx_hal_tim_ex.o
LOAD Middlewares/ST/STM32_USB_Device_Library/Class/CDC/Src/usbd_cdc.o
LOAD Middlewares/ST/STM32_USB_Device_Library/Core/Src/usbd_core.o
LOAD Middlewares/ST/STM32_USB_Device_Library/Core/Src/usbd_ctlreq.o
LOAD Middlewares/ST/STM32_USB_Device_Library/Core/Src/usbd_ioreq.o
LOAD Src/can.o
LOAD Src/gpio.o
LOAD Src/main.o
LOAD Src/stm32f3xx_hal_msp.o
LOAD Src/stm32f3xx_it.o
LOAD Src/system_stm32f3xx.o
LOAD Src/tim.o
LOAD Src/usb_device.o
LOAD Src/usbd_cdc_if.o
LOAD Src/usbd_conf.o
LOAD Src/usbd_desc.o
LOAD startup/startup_stm32f303xc.o
LOAD c:/ac6/systemworkbench/plugins/fr.ac6.mcu.externaltools.arm-none.win32_1.15.0.201708311556/tools/compiler/bin/../lib/gcc/arm-none-eabi/6.3.1/../../../../arm-none-eabi/lib/thumb/v7e-m/fpv4-sp/hard\libstdc++_nano.a
LOAD c:/ac6/systemworkbench/plugins/fr.ac6.mcu.externaltools.arm-none.win32_1.15.0.201708311556/tools/compiler/bin/../lib/gcc/arm-none-eabi/6.3.1/../../../../arm-none-eabi/lib/thumb/v7e-m/fpv4-sp/hard\libm.a
START GROUP
LOAD c:/ac6/systemworkbench/plugins/fr.ac6.mcu.externaltools.arm-none.win32_1.15.0.201708311556/tools/compiler/bin/../lib/gcc/arm-none-eabi/6.3.1/thumb/v7e-m/fpv4-sp/hard\libgcc.a
LOAD c:/ac6/systemworkbench/plugins/fr.ac6.mcu.externaltools.arm-none.win32_1.15.0.201708311556/tools/compiler/bin/../lib/gcc/arm-none-eabi/6.3.1/../../../../arm-none-eabi/lib/thumb/v7e-m/fpv4-sp/hard\libc_nano.a
END GROUP
START GROUP
LOAD c:/ac6/systemworkbench/plugins/fr.ac6.mcu.externaltools.arm-none.win32_1.15.0.201708311556/tools/compiler/bin/../lib/gcc/arm-none-eabi/6.3.1/thumb/v7e-m/fpv4-sp/hard\libgcc.a
LOAD c:/ac6/systemworkbench/plugins/fr.ac6.mcu.externaltools.arm-none.win32_1.15.0.201708311556/tools/compiler/bin/../lib/gcc/arm-none-eabi/6.3.1/../../../../arm-none-eabi/lib/thumb/v7e-m/fpv4-sp/hard\libc_nano.a
LOAD c:/ac6/systemworkbench/plugins/fr.ac6.mcu.externaltools.arm-none.win32_1.15.0.201708311556/tools/compiler/bin/../lib/gcc/arm-none-eabi/6.3.1/../../../../arm-none-eabi/lib/thumb/v7e-m/fpv4-sp/hard\libnosys.a
END GROUP
START GROUP
LOAD c:/ac6/systemworkbench/plugins/fr.ac6.mcu.externaltools.arm-none.win32_1.15.0.201708311556/tools/compiler/bin/../lib/gcc/arm-none-eabi/6.3.1/thumb/v7e-m/fpv4-sp/hard\libgcc.a
LOAD c:/ac6/systemworkbench/plugins/fr.ac6.mcu.externaltools.arm-none.win32_1.15.0.201708311556/tools/compiler/bin/../lib/gcc/arm-none-eabi/6.3.1/../../../../arm-none-eabi/lib/thumb/v7e-m/fpv4-sp/hard\libc_nano.a
LOAD c:/ac6/systemworkbench/plugins/fr.ac6.mcu.externaltools.arm-none.win32_1.15.0.201708311556/tools/compiler/bin/../lib/gcc/arm-none-eabi/6.3.1/../../../../arm-none-eabi/lib/thumb/v7e-m/fpv4-sp/hard\libnosys.a
END GROUP
LOAD c:/ac6/systemworkbench/plugins/fr.ac6.mcu.externaltools.arm-none.win32_1.15.0.201708311556/tools/compiler/bin/../lib/gcc/arm-none-eabi/6.3.1/thumb/v7e-m/fpv4-sp/hard/crtend.o
LOAD c:/ac6/systemworkbench/plugins/fr.ac6.mcu.externaltools.arm-none.win32_1.15.0.201708311556/tools/compiler/bin/../lib/gcc/arm-none-eabi/6.3.1/thumb/v7e-m/fpv4-sp/hard/crtn.o
                0x20008000                _estack = 0x20008000
                0x00000200                _Min_Heap_Size = 0x200
                0x00000400                _Min_Stack_Size = 0x400

.isr_vector     0x08000000      0x188
                0x08000000                . = ALIGN (0x4)
 *(.isr_vector)
 .isr_vector    0x08000000      0x188 startup/startup_stm32f303xc.o
                0x08000000                g_pfnVectors
                0x08000188                . = ALIGN (0x4)

.text           0x08000188     0x41d0
                0x08000188                . = ALIGN (0x4)
 *(.text)
 .text          0x08000188       0x6c c:/ac6/systemworkbench/plugins/fr.ac6.mcu.externaltools.arm-none.win32_1.15.0.201708311556/tools/compiler/bin/../lib/gcc/arm-none-eabi/6.3.1/thumb/v7e-m/fpv4-sp/hard/crtbegin.o
 *(.text*)
 .text.HAL_InitTick
                0x080001f4       0x48 Drivers/STM32F3xx_HAL_Driver/Src/stm32f3xx_hal.o
                0x080001f4                HAL_InitTick
 .text.HAL_Init
                0x0800023c       0x24 Drivers/STM32F3xx_HAL_Driver/Src/stm32f3xx_hal.o
                0x0800023c                HAL_Init
 .text.HAL_IncTick
                0x08000260       0x18 Drivers/STM32F3xx_HAL_Driver/Src/stm32f3xx_hal.o
                0x08000260                HAL_IncTick
 .text.HAL_GetTick
                0x08000278        0xc Drivers/STM32F3xx_HAL_Driver/Src/stm32f3xx_hal.o
                0x08000278                HAL_GetTick
 .text.HAL_Delay
                0x08000284       0x28 Drivers/STM32F3xx_HAL_Driver/Src/stm32f3xx_hal.o
                0x08000284                HAL_Delay
 .text.HAL_CAN_ConfigFilter
                0x080002ac       0xfe Drivers/STM32F3xx_HAL_Driver/Src/stm32f3xx_hal_can.o
                0x080002ac                HAL_CAN_ConfigFilter
 .text.HAL_CAN_Init
                0x080003aa      0x180 Drivers/STM32F3xx_HAL_Driver/Src/stm32f3xx_hal_can.o
                0x080003aa                HAL_CAN_Init
 .text.HAL_CAN_Receive
                0x0800052a      0x280 Drivers/STM32F3xx_HAL_Driver/Src/stm32f3xx_hal_can.o
                0x0800052a                HAL_CAN_Receive
 *fill*         0x080007aa        0x2 
 .text.HAL_NVIC_SetPriorityGrouping
                0x080007ac       0x24 Drivers/STM32F3xx_HAL_Driver/Src/stm32f3xx_hal_cortex.o
                0x080007ac                HAL_NVIC_SetPriorityGrouping
 .text.HAL_NVIC_SetPriority
                0x080007d0       0x64 Drivers/STM32F3xx_HAL_Driver/Src/stm32f3xx_hal_cortex.o
                0x080007d0                HAL_NVIC_SetPriority
 .text.HAL_NVIC_EnableIRQ
                0x08000834       0x18 Drivers/STM32F3xx_HAL_Driver/Src/stm32f3xx_hal_cortex.o
                0x08000834                HAL_NVIC_EnableIRQ
 .text.HAL_SYSTICK_Config
                0x0800084c       0x2c Drivers/STM32F3xx_HAL_Driver/Src/stm32f3xx_hal_cortex.o
                0x0800084c                HAL_SYSTICK_Config
 .text.HAL_SYSTICK_CLKSourceConfig
                0x08000878       0x20 Drivers/STM32F3xx_HAL_Driver/Src/stm32f3xx_hal_cortex.o
                0x08000878                HAL_SYSTICK_CLKSourceConfig
 .text.HAL_SYSTICK_Callback
                0x08000898        0x2 Drivers/STM32F3xx_HAL_Driver/Src/stm32f3xx_hal_cortex.o
                0x08000898                HAL_SYSTICK_Callback
 .text.HAL_SYSTICK_IRQHandler
                0x0800089a        0x8 Drivers/STM32F3xx_HAL_Driver/Src/stm32f3xx_hal_cortex.o
                0x0800089a                HAL_SYSTICK_IRQHandler
 *fill*         0x080008a2        0x2 
 .text.HAL_GPIO_Init
                0x080008a4      0x1a0 Drivers/STM32F3xx_HAL_Driver/Src/stm32f3xx_hal_gpio.o
                0x080008a4                HAL_GPIO_Init
 .text.HAL_GPIO_WritePin
                0x08000a44        0xa Drivers/STM32F3xx_HAL_Driver/Src/stm32f3xx_hal_gpio.o
                0x08000a44                HAL_GPIO_WritePin
 .text.HAL_PCD_Init
                0x08000a4e       0xa8 Drivers/STM32F3xx_HAL_Driver/Src/stm32f3xx_hal_pcd.o
                0x08000a4e                HAL_PCD_Init
 .text.HAL_PCD_Start
                0x08000af6        0xc Drivers/STM32F3xx_HAL_Driver/Src/stm32f3xx_hal_pcd.o
                0x08000af6                HAL_PCD_Start
 .text.HAL_PCD_SetAddress
                0x08000b02       0x2c Drivers/STM32F3xx_HAL_Driver/Src/stm32f3xx_hal_pcd.o
                0x08000b02                HAL_PCD_SetAddress
 .text.HAL_PCD_EP_Open
                0x08000b2e      0x3b0 Drivers/STM32F3xx_HAL_Driver/Src/stm32f3xx_hal_pcd.o
                0x08000b2e                HAL_PCD_EP_Open
 .text.HAL_PCD_EP_Close
                0x08000ede      0x22a Drivers/STM32F3xx_HAL_Driver/Src/stm32f3xx_hal_pcd.o
                0x08000ede                HAL_PCD_EP_Close
 .text.HAL_PCD_EP_Receive
                0x08001108      0x16a Drivers/STM32F3xx_HAL_Driver/Src/stm32f3xx_hal_pcd.o
                0x08001108                HAL_PCD_EP_Receive
 .text.HAL_PCD_EP_GetRxCount
                0x08001272       0x12 Drivers/STM32F3xx_HAL_Driver/Src/stm32f3xx_hal_pcd.o
                0x08001272                HAL_PCD_EP_GetRxCount
 .text.HAL_PCD_EP_Transmit
                0x08001284      0x138 Drivers/STM32F3xx_HAL_Driver/Src/stm32f3xx_hal_pcd.o
                0x08001284                HAL_PCD_EP_Transmit
 .text.PCD_EP_ISR_Handler
                0x080013bc      0x4a4 Drivers/STM32F3xx_HAL_Driver/Src/stm32f3xx_hal_pcd.o
 .text.HAL_PCD_IRQHandler
                0x08001860      0x11c Drivers/STM32F3xx_HAL_Driver/Src/stm32f3xx_hal_pcd.o
                0x08001860                HAL_PCD_IRQHandler
 .text.HAL_PCD_EP_SetStall
                0x0800197c       0xc0 Drivers/STM32F3xx_HAL_Driver/Src/stm32f3xx_hal_pcd.o
                0x0800197c                HAL_PCD_EP_SetStall
 .text.HAL_PCD_EP_ClrStall
                0x08001a3c       0xea Drivers/STM32F3xx_HAL_Driver/Src/stm32f3xx_hal_pcd.o
                0x08001a3c                HAL_PCD_EP_ClrStall
 .text.HAL_PCDEx_PMAConfig
                0x08001b26       0x40 Drivers/STM32F3xx_HAL_Driver/Src/stm32f3xx_hal_pcd_ex.o
                0x08001b26                HAL_PCDEx_PMAConfig
 .text.PCD_WritePMA
                0x08001b66       0x2c Drivers/STM32F3xx_HAL_Driver/Src/stm32f3xx_hal_pcd_ex.o
                0x08001b66                PCD_WritePMA
 .text.PCD_ReadPMA
                0x08001b92       0x32 Drivers/STM32F3xx_HAL_Driver/Src/stm32f3xx_hal_pcd_ex.o
                0x08001b92                PCD_ReadPMA
 .text.HAL_RCC_OscConfig
                0x08001bc4      0x60c Drivers/STM32F3xx_HAL_Driver/Src/stm32f3xx_hal_rcc.o
                0x08001bc4                HAL_RCC_OscConfig
 .text.HAL_RCC_GetSysClockFreq
                0x080021d0       0x70 Drivers/STM32F3xx_HAL_Driver/Src/stm32f3xx_hal_rcc.o
                0x080021d0                HAL_RCC_GetSysClockFreq
 .text.HAL_RCC_ClockConfig
                0x08002240      0x1d4 Drivers/STM32F3xx_HAL_Driver/Src/stm32f3xx_hal_rcc.o
                0x08002240                HAL_RCC_ClockConfig
 .text.HAL_RCC_GetHCLKFreq
                0x08002414        0xc Drivers/STM32F3xx_HAL_Driver/Src/stm32f3xx_hal_rcc.o
                0x08002414                HAL_RCC_GetHCLKFreq
 .text.HAL_RCCEx_PeriphCLKConfig
                0x08002420      0x268 Drivers/STM32F3xx_HAL_Driver/Src/stm32f3xx_hal_rcc_ex.o
                0x08002420                HAL_RCCEx_PeriphCLKConfig
 .text.TIM_Base_SetConfig
                0x08002688       0xb8 Drivers/STM32F3xx_HAL_Driver/Src/stm32f3xx_hal_tim.o
                0x08002688                TIM_Base_SetConfig
 .text.HAL_TIM_PWM_Init
                0x08002740       0x32 Drivers/STM32F3xx_HAL_Driver/Src/stm32f3xx_hal_tim.o
                0x08002740                HAL_TIM_PWM_Init
 *fill*         0x08002772        0x2 
 .text.TIM_OC1_SetConfig
                0x08002774       0x9c Drivers/STM32F3xx_HAL_Driver/Src/stm32f3xx_hal_tim.o
                0x08002774                TIM_OC1_SetConfig
 .text.TIM_OC2_SetConfig
                0x08002810       0x90 Drivers/STM32F3xx_HAL_Driver/Src/stm32f3xx_hal_tim.o
                0x08002810                TIM_OC2_SetConfig
 .text.TIM_OC3_SetConfig
                0x080028a0       0x8c Drivers/STM32F3xx_HAL_Driver/Src/stm32f3xx_hal_tim.o
                0x080028a0                TIM_OC3_SetConfig
 .text.TIM_OC4_SetConfig
                0x0800292c       0x6c Drivers/STM32F3xx_HAL_Driver/Src/stm32f3xx_hal_tim.o
                0x0800292c                TIM_OC4_SetConfig
 .text.TIM_CCxChannelCmd
                0x08002998       0x1e Drivers/STM32F3xx_HAL_Driver/Src/stm32f3xx_hal_tim.o
                0x08002998                TIM_CCxChannelCmd
 *fill*         0x080029b6        0x2 
 .text.HAL_TIM_PWM_Start
                0x080029b8       0x68 Drivers/STM32F3xx_HAL_Driver/Src/stm32f3xx_hal_tim.o
                0x080029b8                HAL_TIM_PWM_Start
 .text.TIM_OC5_SetConfig
                0x08002a20       0x68 Drivers/STM32F3xx_HAL_Driver/Src/stm32f3xx_hal_tim_ex.o
 .text.TIM_OC6_SetConfig
                0x08002a88       0x6c Drivers/STM32F3xx_HAL_Driver/Src/stm32f3xx_hal_tim_ex.o
 .text.HAL_TIM_PWM_ConfigChannel
                0x08002af4      0x134 Drivers/STM32F3xx_HAL_Driver/Src/stm32f3xx_hal_tim_ex.o
                0x08002af4                HAL_TIM_PWM_ConfigChannel
 .text.HAL_TIMEx_MasterConfigSynchronization
                0x08002c28       0x58 Drivers/STM32F3xx_HAL_Driver/Src/stm32f3xx_hal_tim_ex.o
                0x08002c28                HAL_TIMEx_MasterConfigSynchronization
 .text.HAL_TIMEx_ConfigBreakDeadTime
                0x08002c80       0x98 Drivers/STM32F3xx_HAL_Driver/Src/stm32f3xx_hal_tim_ex.o
                0x08002c80                HAL_TIMEx_ConfigBreakDeadTime
 .text.USBD_CDC_DataIn
                0x08002d18       0x12 Middlewares/ST/STM32_USB_Device_Library/Class/CDC/Src/usbd_cdc.o
 .text.USBD_CDC_EP0_RxReady
                0x08002d2a       0x28 Middlewares/ST/STM32_USB_Device_Library/Class/CDC/Src/usbd_cdc.o
 *fill*         0x08002d52        0x2 
 .text.USBD_CDC_GetFSCfgDesc
                0x08002d54        0xc Middlewares/ST/STM32_USB_Device_Library/Class/CDC/Src/usbd_cdc.o
 .text.USBD_CDC_GetHSCfgDesc
                0x08002d60        0xc Middlewares/ST/STM32_USB_Device_Library/Class/CDC/Src/usbd_cdc.o
 .text.USBD_CDC_GetOtherSpeedCfgDesc
                0x08002d6c        0xc Middlewares/ST/STM32_USB_Device_Library/Class/CDC/Src/usbd_cdc.o
 .text.USBD_CDC_GetDeviceQualifierDescriptor
                0x08002d78        0xc Middlewares/ST/STM32_USB_Device_Library/Class/CDC/Src/usbd_cdc.o
                0x08002d78                USBD_CDC_GetDeviceQualifierDescriptor
 .text.USBD_CDC_DataOut
                0x08002d84       0x2e Middlewares/ST/STM32_USB_Device_Library/Class/CDC/Src/usbd_cdc.o
 *fill*         0x08002db2        0x2 
 .text.USBD_CDC_Setup
                0x08002db4       0x74 Middlewares/ST/STM32_USB_Device_Library/Class/CDC/Src/usbd_cdc.o
 .text.USBD_CDC_DeInit
                0x08002e28       0x3a Middlewares/ST/STM32_USB_Device_Library/Class/CDC/Src/usbd_cdc.o
 .text.USBD_CDC_Init
                0x08002e62       0x96 Middlewares/ST/STM32_USB_Device_Library/Class/CDC/Src/usbd_cdc.o
 .text.USBD_CDC_RegisterInterface
                0x08002ef8        0xe Middlewares/ST/STM32_USB_Device_Library/Class/CDC/Src/usbd_cdc.o
                0x08002ef8                USBD_CDC_RegisterInterface
 .text.USBD_CDC_SetTxBuffer
                0x08002f06       0x10 Middlewares/ST/STM32_USB_Device_Library/Class/CDC/Src/usbd_cdc.o
                0x08002f06                USBD_CDC_SetTxBuffer
 .text.USBD_CDC_SetRxBuffer
                0x08002f16        0xc Middlewares/ST/STM32_USB_Device_Library/Class/CDC/Src/usbd_cdc.o
                0x08002f16                USBD_CDC_SetRxBuffer
 .text.USBD_CDC_ReceivePacket
                0x08002f22       0x32 Middlewares/ST/STM32_USB_Device_Library/Class/CDC/Src/usbd_cdc.o
                0x08002f22                USBD_CDC_ReceivePacket
 .text.USBD_Init
                0x08002f54       0x2e Middlewares/ST/STM32_USB_Device_Library/Core/Src/usbd_core.o
                0x08002f54                USBD_Init
 .text.USBD_RegisterClass
                0x08002f82        0xe Middlewares/ST/STM32_USB_Device_Library/Core/Src/usbd_core.o
                0x08002f82                USBD_RegisterClass
 .text.USBD_Start
                0x08002f90        0xa Middlewares/ST/STM32_USB_Device_Library/Core/Src/usbd_core.o
                0x08002f90                USBD_Start
 .text.USBD_SetClassConfig
                0x08002f9a       0x1a Middlewares/ST/STM32_USB_Device_Library/Core/Src/usbd_core.o
                0x08002f9a                USBD_SetClassConfig
 .text.USBD_ClrClassConfig
                0x08002fb4        0xe Middlewares/ST/STM32_USB_Device_Library/Core/Src/usbd_core.o
                0x08002fb4                USBD_ClrClassConfig
 .text.USBD_LL_SetupStage
                0x08002fc2       0x5a Middlewares/ST/STM32_USB_Device_Library/Core/Src/usbd_core.o
                0x08002fc2                USBD_LL_SetupStage
 .text.USBD_LL_DataOutStage
                0x0800301c       0x6a Middlewares/ST/STM32_USB_Device_Library/Core/Src/usbd_core.o
                0x0800301c                USBD_LL_DataOutStage
 .text.USBD_LL_DataInStage
                0x08003086       0xb2 Middlewares/ST/STM32_USB_Device_Library/Core/Src/usbd_core.o
                0x08003086                USBD_LL_DataInStage
 .text.USBD_LL_Reset
                0x08003138       0x3e Middlewares/ST/STM32_USB_Device_Library/Core/Src/usbd_core.o
                0x08003138                USBD_LL_Reset
 .text.USBD_LL_SetSpeed
                0x08003176        0x6 Middlewares/ST/STM32_USB_Device_Library/Core/Src/usbd_core.o
                0x08003176                USBD_LL_SetSpeed
 .text.USBD_LL_Suspend
                0x0800317c       0x12 Middlewares/ST/STM32_USB_Device_Library/Core/Src/usbd_core.o
                0x0800317c                USBD_LL_Suspend
 .text.USBD_LL_Resume
                0x0800318e        0xc Middlewares/ST/STM32_USB_Device_Library/Core/Src/usbd_core.o
                0x0800318e                USBD_LL_Resume
 .text.USBD_LL_SOF
                0x0800319a       0x1c Middlewares/ST/STM32_USB_Device_Library/Core/Src/usbd_core.o
                0x0800319a                USBD_LL_SOF
 .text.USBD_GetLen
                0x080031b6       0x14 Middlewares/ST/STM32_USB_Device_Library/Core/Src/usbd_ctlreq.o
 .text.USBD_SetFeature
                0x080031ca       0x20 Middlewares/ST/STM32_USB_Device_Library/Core/Src/usbd_ctlreq.o
 .text.USBD_ParseSetupRequest
                0x080031ea       0x28 Middlewares/ST/STM32_USB_Device_Library/Core/Src/usbd_ctlreq.o
                0x080031ea                USBD_ParseSetupRequest
 .text.USBD_CtlError
                0x08003212       0x14 Middlewares/ST/STM32_USB_Device_Library/Core/Src/usbd_ctlreq.o
                0x08003212                USBD_CtlError
 .text.USBD_GetDescriptor
                0x08003226      0x132 Middlewares/ST/STM32_USB_Device_Library/Core/Src/usbd_ctlreq.o
 .text.USBD_SetAddress
                0x08003358       0x4a Middlewares/ST/STM32_USB_Device_Library/Core/Src/usbd_ctlreq.o
 *fill*         0x080033a2        0x2 
 .text.USBD_SetConfig
                0x080033a4       0xa4 Middlewares/ST/STM32_USB_Device_Library/Core/Src/usbd_ctlreq.o
 .text.USBD_GetConfig
                0x08003448       0x3a Middlewares/ST/STM32_USB_Device_Library/Core/Src/usbd_ctlreq.o
 .text.USBD_GetStatus
                0x08003482       0x2c Middlewares/ST/STM32_USB_Device_Library/Core/Src/usbd_ctlreq.o
 .text.USBD_ClrFeature
                0x080034ae       0x32 Middlewares/ST/STM32_USB_Device_Library/Core/Src/usbd_ctlreq.o
 .text.USBD_StdDevReq
                0x080034e0       0x48 Middlewares/ST/STM32_USB_Device_Library/Core/Src/usbd_ctlreq.o
                0x080034e0                USBD_StdDevReq
 .text.USBD_StdItfReq
                0x08003528       0x38 Middlewares/ST/STM32_USB_Device_Library/Core/Src/usbd_ctlreq.o
                0x08003528                USBD_StdItfReq
 .text.USBD_StdEPReq
                0x08003560      0x118 Middlewares/ST/STM32_USB_Device_Library/Core/Src/usbd_ctlreq.o
                0x08003560                USBD_StdEPReq
 .text.USBD_GetString
                0x08003678       0x3a Middlewares/ST/STM32_USB_Device_Library/Core/Src/usbd_ctlreq.o
                0x08003678                USBD_GetString
 .text.USBD_CtlSendData
                0x080036b2       0x1a Middlewares/ST/STM32_USB_Device_Library/Core/Src/usbd_ioreq.o
                0x080036b2                USBD_CtlSendData
 .text.USBD_CtlContinueSendData
                0x080036cc       0x10 Middlewares/ST/STM32_USB_Device_Library/Core/Src/usbd_ioreq.o
                0x080036cc                USBD_CtlContinueSendData
 .text.USBD_CtlPrepareRx
                0x080036dc       0x1e Middlewares/ST/STM32_USB_Device_Library/Core/Src/usbd_ioreq.o
                0x080036dc                USBD_CtlPrepareRx
 .text.USBD_CtlContinueRx
                0x080036fa       0x10 Middlewares/ST/STM32_USB_Device_Library/Core/Src/usbd_ioreq.o
                0x080036fa                USBD_CtlContinueRx
 .text.USBD_CtlSendStatus
                0x0800370a       0x16 Middlewares/ST/STM32_USB_Device_Library/Core/Src/usbd_ioreq.o
                0x0800370a                USBD_CtlSendStatus
 .text.USBD_CtlReceiveStatus
                0x08003720       0x16 Middlewares/ST/STM32_USB_Device_Library/Core/Src/usbd_ioreq.o
                0x08003720                USBD_CtlReceiveStatus
 *fill*         0x08003736        0x2 
 .text.MX_CAN_Init
                0x08003738       0x8c Src/can.o
                0x08003738                MX_CAN_Init
 .text.HAL_CAN_MspInit
                0x080037c4       0x50 Src/can.o
                0x080037c4                HAL_CAN_MspInit
 .text.MX_GPIO_Init
                0x08003814       0x90 Src/gpio.o
                0x08003814                MX_GPIO_Init
 .text._Error_Handler
                0x080038a4        0x2 Src/main.o
                0x080038a4                _Error_Handler
 *fill*         0x080038a6        0x2 
 .text.SystemClock_Config
                0x080038a8       0xa4 Src/main.o
                0x080038a8                SystemClock_Config
 .text.main     0x0800394c      0x1a4 Src/main.o
                0x0800394c                main
 .text.HAL_MspInit
                0x08003af0       0x7c Src/stm32f3xx_hal_msp.o
                0x08003af0                HAL_MspInit
 .text.NMI_Handler
                0x08003b6c        0x2 Src/stm32f3xx_it.o
                0x08003b6c                NMI_Handler
 .text.HardFault_Handler
                0x08003b6e        0x2 Src/stm32f3xx_it.o
                0x08003b6e                HardFault_Handler
 .text.MemManage_Handler
                0x08003b70        0x2 Src/stm32f3xx_it.o
                0x08003b70                MemManage_Handler
 .text.BusFault_Handler
                0x08003b72        0x2 Src/stm32f3xx_it.o
                0x08003b72                BusFault_Handler
 .text.UsageFault_Handler
                0x08003b74        0x2 Src/stm32f3xx_it.o
                0x08003b74                UsageFault_Handler
 .text.SVC_Handler
                0x08003b76        0x2 Src/stm32f3xx_it.o
                0x08003b76                SVC_Handler
 .text.DebugMon_Handler
                0x08003b78        0x2 Src/stm32f3xx_it.o
                0x08003b78                DebugMon_Handler
 .text.PendSV_Handler
                0x08003b7a        0x2 Src/stm32f3xx_it.o
                0x08003b7a                PendSV_Handler
 .text.SysTick_Handler
                0x08003b7c        0xc Src/stm32f3xx_it.o
                0x08003b7c                SysTick_Handler
 .text.USB_LP_IRQHandler
                0x08003b88       0x10 Src/stm32f3xx_it.o
                0x08003b88                USB_LP_IRQHandler
 .text.SystemInit
                0x08003b98       0x68 Src/system_stm32f3xx.o
                0x08003b98                SystemInit
 .text.HAL_TIM_PWM_MspInit
                0x08003c00       0x6c Src/tim.o
                0x08003c00                HAL_TIM_PWM_MspInit
 .text.HAL_TIM_MspPostInit
                0x08003c6c       0x7c Src/tim.o
                0x08003c6c                HAL_TIM_MspPostInit
 .text.MX_TIM1_Init
                0x08003ce8       0xbc Src/tim.o
                0x08003ce8                MX_TIM1_Init
 .text.MX_TIM2_Init
                0x08003da4       0x80 Src/tim.o
                0x08003da4                MX_TIM2_Init
 .text.MX_TIM3_Init
                0x08003e24       0x80 Src/tim.o
                0x08003e24                MX_TIM3_Init
 .text.MX_USB_DEVICE_Init
                0x08003ea4       0x38 Src/usb_device.o
                0x08003ea4                MX_USB_DEVICE_Init
 .text.CDC_DeInit_FS
                0x08003edc        0x4 Src/usbd_cdc_if.o
 .text.CDC_Control_FS
                0x08003ee0        0x4 Src/usbd_cdc_if.o
 .text.CDC_Receive_FS
                0x08003ee4       0x1c Src/usbd_cdc_if.o
 .text.CDC_Init_FS
                0x08003f00       0x28 Src/usbd_cdc_if.o
 .text.HAL_PCD_MspInit
                0x08003f28       0x6c Src/usbd_conf.o
                0x08003f28                HAL_PCD_MspInit
 .text.HAL_PCD_SetupStageCallback
                0x08003f94       0x10 Src/usbd_conf.o
                0x08003f94                HAL_PCD_SetupStageCallback
 .text.HAL_PCD_DataOutStageCallback
                0x08003fa4       0x18 Src/usbd_conf.o
                0x08003fa4                HAL_PCD_DataOutStageCallback
 .text.HAL_PCD_DataInStageCallback
                0x08003fbc       0x16 Src/usbd_conf.o
                0x08003fbc                HAL_PCD_DataInStageCallback
 .text.HAL_PCD_SOFCallback
                0x08003fd2        0xc Src/usbd_conf.o
                0x08003fd2                HAL_PCD_SOFCallback
 .text.HAL_PCD_ResetCallback
                0x08003fde       0x18 Src/usbd_conf.o
                0x08003fde                HAL_PCD_ResetCallback
 *fill*         0x08003ff6        0x2 
 .text.HAL_PCD_SuspendCallback
                0x08003ff8       0x20 Src/usbd_conf.o
                0x08003ff8                HAL_PCD_SuspendCallback
 .text.HAL_PCD_ResumeCallback
                0x08004018        0xc Src/usbd_conf.o
                0x08004018                HAL_PCD_ResumeCallback
 .text.USBD_LL_Init
                0x08004024       0x90 Src/usbd_conf.o
                0x08004024                USBD_LL_Init
 .text.USBD_LL_Start
                0x080040b4       0x1c Src/usbd_conf.o
                0x080040b4                USBD_LL_Start
 .text.USBD_LL_OpenEP
                0x080040d0       0x22 Src/usbd_conf.o
                0x080040d0                USBD_LL_OpenEP
 .text.USBD_LL_CloseEP
                0x080040f2       0x1c Src/usbd_conf.o
                0x080040f2                USBD_LL_CloseEP
 .text.USBD_LL_StallEP
                0x0800410e       0x1c Src/usbd_conf.o
                0x0800410e                USBD_LL_StallEP
 .text.USBD_LL_ClearStallEP
                0x0800412a       0x1c Src/usbd_conf.o
                0x0800412a                USBD_LL_ClearStallEP
 .text.USBD_LL_IsStallEP
                0x08004146       0x2e Src/usbd_conf.o
                0x08004146                USBD_LL_IsStallEP
 .text.USBD_LL_SetUSBAddress
                0x08004174       0x1c Src/usbd_conf.o
                0x08004174                USBD_LL_SetUSBAddress
 .text.USBD_LL_Transmit
                0x08004190       0x1c Src/usbd_conf.o
                0x08004190                USBD_LL_Transmit
 .text.USBD_LL_PrepareReceive
                0x080041ac       0x1c Src/usbd_conf.o
                0x080041ac                USBD_LL_PrepareReceive
 .text.USBD_LL_GetRxDataSize
                0x080041c8        0xc Src/usbd_conf.o
                0x080041c8                USBD_LL_GetRxDataSize
 .text.USBD_static_malloc
                0x080041d4        0x8 Src/usbd_conf.o
                0x080041d4                USBD_static_malloc
 .text.USBD_static_free
                0x080041dc        0x2 Src/usbd_conf.o
                0x080041dc                USBD_static_free
 .text.HAL_PCDEx_SetConnectionState
                0x080041de        0x2 Src/usbd_conf.o
                0x080041de                HAL_PCDEx_SetConnectionState
 .text.USBD_FS_DeviceDescriptor
                0x080041e0        0xc Src/usbd_desc.o
                0x080041e0                USBD_FS_DeviceDescriptor
 .text.USBD_FS_LangIDStrDescriptor
                0x080041ec        0xc Src/usbd_desc.o
                0x080041ec                USBD_FS_LangIDStrDescriptor
 .text.USBD_FS_ProductStrDescriptor
                0x080041f8       0x24 Src/usbd_desc.o
                0x080041f8                USBD_FS_ProductStrDescriptor
 .text.USBD_FS_ManufacturerStrDescriptor
                0x0800421c       0x1c Src/usbd_desc.o
                0x0800421c                USBD_FS_ManufacturerStrDescriptor
 .text.USBD_FS_SerialStrDescriptor
                0x08004238       0x24 Src/usbd_desc.o
                0x08004238                USBD_FS_SerialStrDescriptor
 .text.USBD_FS_ConfigStrDescriptor
                0x0800425c       0x24 Src/usbd_desc.o
                0x0800425c                USBD_FS_ConfigStrDescriptor
 .text.USBD_FS_InterfaceStrDescriptor
                0x08004280       0x24 Src/usbd_desc.o
                0x08004280                USBD_FS_InterfaceStrDescriptor
 .text.Reset_Handler
                0x080042a4       0x50 startup/startup_stm32f303xc.o
                0x080042a4                Reset_Handler
 .text.Default_Handler
                0x080042f4        0x2 startup/startup_stm32f303xc.o
                0x080042f4                RTC_Alarm_IRQHandler
                0x080042f4                TIM8_TRG_COM_IRQHandler
                0x080042f4                TIM8_CC_IRQHandler
                0x080042f4                TIM1_CC_IRQHandler
                0x080042f4                USB_HP_IRQHandler
                0x080042f4                PVD_IRQHandler
                0x080042f4                TAMP_STAMP_IRQHandler
                0x080042f4                EXTI3_IRQHandler
                0x080042f4                USB_HP_CAN_TX_IRQHandler
                0x080042f4                EXTI0_IRQHandler
                0x080042f4                I2C2_EV_IRQHandler
                0x080042f4                FPU_IRQHandler
                0x080042f4                TIM1_UP_TIM16_IRQHandler
                0x080042f4                ADC1_2_IRQHandler
                0x080042f4                SPI1_IRQHandler
                0x080042f4                CAN_SCE_IRQHandler
                0x080042f4                TIM6_DAC_IRQHandler
                0x080042f4                TIM8_UP_IRQHandler
                0x080042f4                DMA2_Channel2_IRQHandler
                0x080042f4                DMA1_Channel4_IRQHandler
                0x080042f4                USART3_IRQHandler
                0x080042f4                DMA1_Channel7_IRQHandler
                0x080042f4                UART5_IRQHandler
                0x080042f4                ADC3_IRQHandler
                0x080042f4                TIM4_IRQHandler
                0x080042f4                CAN_RX1_IRQHandler
                0x080042f4                DMA2_Channel1_IRQHandler
                0x080042f4                I2C1_EV_IRQHandler
                0x080042f4                DMA1_Channel6_IRQHandler
                0x080042f4                UART4_IRQHandler
                0x080042f4                DMA2_Channel4_IRQHandler
                0x080042f4                TIM3_IRQHandler
                0x080042f4                RCC_IRQHandler
                0x080042f4                DMA1_Channel1_IRQHandler
                0x080042f4                Default_Handler
                0x080042f4                USBWakeUp_RMP_IRQHandler
                0x080042f4                EXTI15_10_IRQHandler
                0x080042f4                TIM7_IRQHandler
                0x080042f4                EXTI9_5_IRQHandler
                0x080042f4                RTC_WKUP_IRQHandler
                0x080042f4                SPI2_IRQHandler
                0x080042f4                USB_LP_CAN_RX0_IRQHandler
                0x080042f4                DMA2_Channel5_IRQHandler
                0x080042f4                DMA1_Channel5_IRQHandler
                0x080042f4                EXTI4_IRQHandler
                0x080042f4                TIM1_TRG_COM_TIM17_IRQHandler
                0x080042f4                DMA1_Channel3_IRQHandler
                0x080042f4                ADC4_IRQHandler
                0x080042f4                WWDG_IRQHandler
                0x080042f4                TIM2_IRQHandler
                0x080042f4                COMP7_IRQHandler
                0x080042f4                COMP1_2_3_IRQHandler
                0x080042f4                EXTI1_IRQHandler
                0x080042f4                USART2_IRQHandler
                0x080042f4                COMP4_5_6_IRQHandler
                0x080042f4                I2C2_ER_IRQHandler
                0x080042f4                DMA1_Channel2_IRQHandler
                0x080042f4                TIM8_BRK_IRQHandler
                0x080042f4                FLASH_IRQHandler
                0x080042f4                USART1_IRQHandler
                0x080042f4                SPI3_IRQHandler
                0x080042f4                I2C1_ER_IRQHandler
                0x080042f4                USBWakeUp_IRQHandler
                0x080042f4                DMA2_Channel3_IRQHandler
                0x080042f4                EXTI2_TSC_IRQHandler
                0x080042f4                TIM1_BRK_TIM15_IRQHandler
 *fill*         0x080042f6        0x2 
 .text.__libc_init_array
                0x080042f8       0x48 c:/ac6/systemworkbench/plugins/fr.ac6.mcu.externaltools.arm-none.win32_1.15.0.201708311556/tools/compiler/bin/../lib/gcc/arm-none-eabi/6.3.1/../../../../arm-none-eabi/lib/thumb/v7e-m/fpv4-sp/hard\libc_nano.a(lib_a-init.o)
                0x080042f8                __libc_init_array
 *(.glue_7)
 .glue_7        0x08004340        0x0 linker stubs
 *(.glue_7t)
 .glue_7t       0x08004340        0x0 linker stubs
 *(.eh_frame)
 .eh_frame      0x08004340        0x0 c:/ac6/systemworkbench/plugins/fr.ac6.mcu.externaltools.arm-none.win32_1.15.0.201708311556/tools/compiler/bin/../lib/gcc/arm-none-eabi/6.3.1/thumb/v7e-m/fpv4-sp/hard/crtbegin.o
 *(.init)
 .init          0x08004340        0x4 c:/ac6/systemworkbench/plugins/fr.ac6.mcu.externaltools.arm-none.win32_1.15.0.201708311556/tools/compiler/bin/../lib/gcc/arm-none-eabi/6.3.1/thumb/v7e-m/fpv4-sp/hard/crti.o
                0x08004340                _init
 .init          0x08004344        0x8 c:/ac6/systemworkbench/plugins/fr.ac6.mcu.externaltools.arm-none.win32_1.15.0.201708311556/tools/compiler/bin/../lib/gcc/arm-none-eabi/6.3.1/thumb/v7e-m/fpv4-sp/hard/crtn.o
 *(.fini)
 .fini          0x0800434c        0x4 c:/ac6/systemworkbench/plugins/fr.ac6.mcu.externaltools.arm-none.win32_1.15.0.201708311556/tools/compiler/bin/../lib/gcc/arm-none-eabi/6.3.1/thumb/v7e-m/fpv4-sp/hard/crti.o
                0x0800434c                _fini
 .fini          0x08004350        0x8 c:/ac6/systemworkbench/plugins/fr.ac6.mcu.externaltools.arm-none.win32_1.15.0.201708311556/tools/compiler/bin/../lib/gcc/arm-none-eabi/6.3.1/thumb/v7e-m/fpv4-sp/hard/crtn.o
                0x08004358                . = ALIGN (0x4)
                0x08004358                _etext = .

.vfp11_veneer   0x08004358        0x0
 .vfp11_veneer  0x08004358        0x0 linker stubs

.v4_bx          0x08004358        0x0
 .v4_bx         0x08004358        0x0 linker stubs

.iplt           0x08004358        0x0
 .iplt          0x08004358        0x0 c:/ac6/systemworkbench/plugins/fr.ac6.mcu.externaltools.arm-none.win32_1.15.0.201708311556/tools/compiler/bin/../lib/gcc/arm-none-eabi/6.3.1/thumb/v7e-m/fpv4-sp/hard/crtbegin.o

.rodata         0x08004358       0xd4
                0x08004358                . = ALIGN (0x4)
 *(.rodata)
 .rodata        0x08004358       0x20 Drivers/STM32F3xx_HAL_Driver/Src/stm32f3xx_hal_rcc.o
                0x08004358                aPLLMULFactorTable
                0x08004368                aPredivFactorTable
 .rodata        0x08004378       0x18 Src/system_stm32f3xx.o
                0x08004378                AHBPrescTable
                0x08004388                APBPrescTable
 *(.rodata*)
 .rodata.str1.4
                0x08004390        0xd Src/can.o
 *fill*         0x0800439d        0x3 
 .rodata.str1.4
                0x080043a0        0xe Src/main.o
 *fill*         0x080043ae        0x2 
 .rodata.str1.4
                0x080043b0        0xd Src/tim.o
 *fill*         0x080043bd        0x3 
 .rodata.str1.4
                0x080043c0       0x13 Src/usbd_conf.o
 *fill*         0x080043d3        0x1 
 .rodata.str1.4
                0x080043d4       0x58 Src/usbd_desc.o
                                 0x56 (size before relaxing)
                0x0800442c                . = ALIGN (0x4)

.rel.dyn        0x0800442c        0x0
 .rel.iplt      0x0800442c        0x0 c:/ac6/systemworkbench/plugins/fr.ac6.mcu.externaltools.arm-none.win32_1.15.0.201708311556/tools/compiler/bin/../lib/gcc/arm-none-eabi/6.3.1/thumb/v7e-m/fpv4-sp/hard/crtbegin.o

.ARM.extab
 *(.ARM.extab* .gnu.linkonce.armextab.*)

.ARM            0x0800442c        0x0
                0x0800442c                __exidx_start = .
 *(.ARM.exidx*)
                0x0800442c                __exidx_end = .

.preinit_array  0x0800442c        0x0
                0x0800442c                PROVIDE (__preinit_array_start, .)
 *(.preinit_array*)
                0x0800442c                PROVIDE (__preinit_array_end, .)

.init_array     0x0800442c        0x4
                0x0800442c                PROVIDE (__init_array_start, .)
 *(SORT(.init_array.*))
 *(.init_array*)
 .init_array    0x0800442c        0x4 c:/ac6/systemworkbench/plugins/fr.ac6.mcu.externaltools.arm-none.win32_1.15.0.201708311556/tools/compiler/bin/../lib/gcc/arm-none-eabi/6.3.1/thumb/v7e-m/fpv4-sp/hard/crtbegin.o
                0x08004430                PROVIDE (__init_array_end, .)

.fini_array     0x08004430        0x4
                [!provide]                PROVIDE (__fini_array_start, .)
 *(SORT(.fini_array.*))
 *(.fini_array*)
 .fini_array    0x08004430        0x4 c:/ac6/systemworkbench/plugins/fr.ac6.mcu.externaltools.arm-none.win32_1.15.0.201708311556/tools/compiler/bin/../lib/gcc/arm-none-eabi/6.3.1/thumb/v7e-m/fpv4-sp/hard/crtbegin.o
                [!provide]                PROVIDE (__fini_array_end, .)
                0x08004434                _sidata = LOADADDR (.data)

.data           0x20000000      0x160 load address 0x08004434
                0x20000000                . = ALIGN (0x4)
                0x20000000                _sdata = .
 *(.data)
 .data          0x20000000        0x8 Drivers/STM32F3xx_HAL_Driver/Src/stm32f3xx_hal.o
                0x20000000                uwTickFreq
                0x20000004                uwTickPrio
 .data          0x20000008      0x110 Middlewares/ST/STM32_USB_Device_Library/Class/CDC/Src/usbd_cdc.o
                0x20000008                USBD_CDC_CfgFSDesc
                0x2000004c                USBD_CDC_CfgHSDesc
                0x20000090                USBD_CDC_OtherSpeedCfgDesc
                0x200000e0                USBD_CDC
 .data          0x20000118        0x4 Src/system_stm32f3xx.o
                0x20000118                SystemCoreClock
 .data          0x2000011c       0x10 Src/usbd_cdc_if.o
                0x2000011c                USBD_Interface_fops_FS
 .data          0x2000012c       0x34 Src/usbd_desc.o
                0x2000012c                USBD_FS_DeviceDesc
                0x20000140                USBD_LangIDDesc
                0x20000144                FS_Desc
 *(.data*)
                0x20000160                . = ALIGN (0x4)
                0x20000160                _edata = .
                0x08004594                _siccmram = LOADADDR (.ccmram)

.jcr            0x20000160        0x0 load address 0x08004594
 .jcr           0x20000160        0x0 c:/ac6/systemworkbench/plugins/fr.ac6.mcu.externaltools.arm-none.win32_1.15.0.201708311556/tools/compiler/bin/../lib/gcc/arm-none-eabi/6.3.1/thumb/v7e-m/fpv4-sp/hard/crtbegin.o

.igot.plt       0x20000160        0x0 load address 0x08004594
 .igot.plt      0x20000160        0x0 c:/ac6/systemworkbench/plugins/fr.ac6.mcu.externaltools.arm-none.win32_1.15.0.201708311556/tools/compiler/bin/../lib/gcc/arm-none-eabi/6.3.1/thumb/v7e-m/fpv4-sp/hard/crtbegin.o

.ccmram         0x10000000        0x0 load address 0x08004594
                0x10000000                . = ALIGN (0x4)
                0x10000000                _sccmram = .
 *(.ccmram)
 *(.ccmram*)
                0x10000000                . = ALIGN (0x4)
                0x10000000                _eccmram = .
                0x10000000                . = ALIGN (0x4)

.bss            0x20000160     0x1358
                0x20000160                _sbss = .
                0x20000160                __bss_start__ = _sbss
 *(.bss)
 .bss           0x20000160       0x1c c:/ac6/systemworkbench/plugins/fr.ac6.mcu.externaltools.arm-none.win32_1.15.0.201708311556/tools/compiler/bin/../lib/gcc/arm-none-eabi/6.3.1/thumb/v7e-m/fpv4-sp/hard/crtbegin.o
 .bss           0x2000017c        0x1 Middlewares/ST/STM32_USB_Device_Library/Class/CDC/Src/usbd_cdc.o
 .bss           0x2000017d        0x1 Middlewares/ST/STM32_USB_Device_Library/Core/Src/usbd_ctlreq.o
 *fill*         0x2000017e        0x2 
 .bss           0x20000180       0x40 Src/can.o
 .bss           0x200001c0        0x4 Src/main.o
                0x200001c0                speed
 .bss           0x200001c4      0x220 Src/usbd_conf.o
 *(.bss*)
 *(COMMON)
 COMMON         0x200003e4        0x4 Drivers/STM32F3xx_HAL_Driver/Src/stm32f3xx_hal.o
                0x200003e4                uwTick
 COMMON         0x200003e8       0x44 Src/can.o
                0x200003e8                hcan
 COMMON         0x2000042c       0x2e Src/main.o
                0x2000042c                g_SpaPowerStatus
                0x20000430                g_cdcBuf1
                0x2000043c                g_cdcBuf
                0x20000448                temp
                0x2000044c                g_sendDelay
                0x20000450                g_cdcBuf2
 *fill*         0x2000045a        0x2 
 COMMON         0x2000045c       0xc0 Src/tim.o
                0x2000045c                htim3
                0x2000049c                htim1
                0x200004dc                htim2
 COMMON         0x2000051c      0x224 Src/usb_device.o
                0x2000051c                hUsbDeviceFS
 COMMON         0x20000740      0x7d0 Src/usbd_cdc_if.o
                0x20000740                UserRxBufferFS
                0x20000b28                UserTxBufferFS
 COMMON         0x20000f10      0x3a8 Src/usbd_conf.o
                0x20000f10                hpcd_USB_FS
 COMMON         0x200012b8      0x200 Src/usbd_desc.o
                0x200012b8                USBD_StrDesc
                0x200014b8                . = ALIGN (0x4)
                0x200014b8                _ebss = .
                0x200014b8                __bss_end__ = _ebss

._user_heap_stack
                0x200014b8      0x600
                0x200014b8                . = ALIGN (0x8)
                [!provide]                PROVIDE (end, .)
                [!provide]                PROVIDE (_end, .)
                0x200016b8                . = (. + _Min_Heap_Size)
 *fill*         0x200014b8      0x200 
                0x20001ab8                . = (. + _Min_Stack_Size)
 *fill*         0x200016b8      0x400 
                0x20001ab8                . = ALIGN (0x8)

/DISCARD/
 libc.a(*)
 libm.a(*)
 libgcc.a(*)

.ARM.attributes
                0x00000000       0x30
 *(.ARM.attributes)
 .ARM.attributes
                0x00000000       0x22 c:/ac6/systemworkbench/plugins/fr.ac6.mcu.externaltools.arm-none.win32_1.15.0.201708311556/tools/compiler/bin/../lib/gcc/arm-none-eabi/6.3.1/thumb/v7e-m/fpv4-sp/hard/crti.o
 .ARM.attributes
                0x00000022       0x34 c:/ac6/systemworkbench/plugins/fr.ac6.mcu.externaltools.arm-none.win32_1.15.0.201708311556/tools/compiler/bin/../lib/gcc/arm-none-eabi/6.3.1/thumb/v7e-m/fpv4-sp/hard/crtbegin.o
 .ARM.attributes
                0x00000056       0x39 Drivers/STM32F3xx_HAL_Driver/Src/stm32f3xx_hal.o
 .ARM.attributes
                0x0000008f       0x39 Drivers/STM32F3xx_HAL_Driver/Src/stm32f3xx_hal_can.o
 .ARM.attributes
                0x000000c8       0x39 Drivers/STM32F3xx_HAL_Driver/Src/stm32f3xx_hal_cortex.o
 .ARM.attributes
                0x00000101       0x39 Drivers/STM32F3xx_HAL_Driver/Src/stm32f3xx_hal_gpio.o
 .ARM.attributes
                0x0000013a       0x39 Drivers/STM32F3xx_HAL_Driver/Src/stm32f3xx_hal_pcd.o
 .ARM.attributes
                0x00000173       0x39 Drivers/STM32F3xx_HAL_Driver/Src/stm32f3xx_hal_pcd_ex.o
 .ARM.attributes
                0x000001ac       0x39 Drivers/STM32F3xx_HAL_Driver/Src/stm32f3xx_hal_rcc.o
 .ARM.attributes
                0x000001e5       0x39 Drivers/STM32F3xx_HAL_Driver/Src/stm32f3xx_hal_rcc_ex.o
 .ARM.attributes
                0x0000021e       0x39 Drivers/STM32F3xx_HAL_Driver/Src/stm32f3xx_hal_tim.o
 .ARM.attributes
                0x00000257       0x39 Drivers/STM32F3xx_HAL_Driver/Src/stm32f3xx_hal_tim_ex.o
 .ARM.attributes
                0x00000290       0x39 Middlewares/ST/STM32_USB_Device_Library/Class/CDC/Src/usbd_cdc.o
 .ARM.attributes
                0x000002c9       0x39 Middlewares/ST/STM32_USB_Device_Library/Core/Src/usbd_core.o
 .ARM.attributes
                0x00000302       0x39 Middlewares/ST/STM32_USB_Device_Library/Core/Src/usbd_ctlreq.o
 .ARM.attributes
                0x0000033b       0x39 Middlewares/ST/STM32_USB_Device_Library/Core/Src/usbd_ioreq.o
 .ARM.attributes
                0x00000374       0x39 Src/can.o
 .ARM.attributes
                0x000003ad       0x39 Src/gpio.o
 .ARM.attributes
                0x000003e6       0x39 Src/main.o
 .ARM.attributes
                0x0000041f       0x39 Src/stm32f3xx_hal_msp.o
 .ARM.attributes
                0x00000458       0x39 Src/stm32f3xx_it.o
 .ARM.attributes
                0x00000491       0x39 Src/system_stm32f3xx.o
 .ARM.attributes
                0x000004ca       0x39 Src/tim.o
 .ARM.attributes
                0x00000503       0x39 Src/usb_device.o
 .ARM.attributes
                0x0000053c       0x39 Src/usbd_cdc_if.o
 .ARM.attributes
                0x00000575       0x39 Src/usbd_conf.o
 .ARM.attributes
                0x000005ae       0x39 Src/usbd_desc.o
 .ARM.attributes
                0x000005e7       0x21 startup/startup_stm32f303xc.o
 .ARM.attributes
                0x00000608       0x34 c:/ac6/systemworkbench/plugins/fr.ac6.mcu.externaltools.arm-none.win32_1.15.0.201708311556/tools/compiler/bin/../lib/gcc/arm-none-eabi/6.3.1/../../../../arm-none-eabi/lib/thumb/v7e-m/fpv4-sp/hard\libc_nano.a(lib_a-init.o)
 .ARM.attributes
                0x0000063c       0x22 c:/ac6/systemworkbench/plugins/fr.ac6.mcu.externaltools.arm-none.win32_1.15.0.201708311556/tools/compiler/bin/../lib/gcc/arm-none-eabi/6.3.1/thumb/v7e-m/fpv4-sp/hard/crtn.o
OUTPUT(Uku_back_drive.elf elf32-littlearm)

.debug_info     0x00000000    0x211e1
 .debug_info    0x00000000     0x108c Drivers/STM32F3xx_HAL_Driver/Src/stm32f3xx_hal.o
 .debug_info    0x0000108c     0x144f Drivers/STM32F3xx_HAL_Driver/Src/stm32f3xx_hal_can.o
 .debug_info    0x000024db     0x16c4 Drivers/STM32F3xx_HAL_Driver/Src/stm32f3xx_hal_cortex.o
 .debug_info    0x00003b9f      0xef1 Drivers/STM32F3xx_HAL_Driver/Src/stm32f3xx_hal_gpio.o
 .debug_info    0x00004a90     0x19e8 Drivers/STM32F3xx_HAL_Driver/Src/stm32f3xx_hal_pcd.o
 .debug_info    0x00006478      0xf12 Drivers/STM32F3xx_HAL_Driver/Src/stm32f3xx_hal_pcd_ex.o
 .debug_info    0x0000738a     0x1bb3 Drivers/STM32F3xx_HAL_Driver/Src/stm32f3xx_hal_rcc.o
 .debug_info    0x00008f3d      0xf84 Drivers/STM32F3xx_HAL_Driver/Src/stm32f3xx_hal_rcc_ex.o
 .debug_info    0x00009ec1     0x37c1 Drivers/STM32F3xx_HAL_Driver/Src/stm32f3xx_hal_tim.o
 .debug_info    0x0000d682     0x1eb9 Drivers/STM32F3xx_HAL_Driver/Src/stm32f3xx_hal_tim_ex.o
 .debug_info    0x0000f53b     0x158a Middlewares/ST/STM32_USB_Device_Library/Class/CDC/Src/usbd_cdc.o
 .debug_info    0x00010ac5     0x1490 Middlewares/ST/STM32_USB_Device_Library/Core/Src/usbd_core.o
 .debug_info    0x00011f55     0x1666 Middlewares/ST/STM32_USB_Device_Library/Core/Src/usbd_ctlreq.o
 .debug_info    0x000135bb      0xfd9 Middlewares/ST/STM32_USB_Device_Library/Core/Src/usbd_ioreq.o
 .debug_info    0x00014594     0x1273 Src/can.o
 .debug_info    0x00015807      0xc33 Src/gpio.o
 .debug_info    0x0001643a     0x20a8 Src/main.o
 .debug_info    0x000184e2      0xd00 Src/stm32f3xx_hal_msp.o
 .debug_info    0x000191e2      0xe12 Src/stm32f3xx_it.o
 .debug_info    0x00019ff4      0xc34 Src/system_stm32f3xx.o
 .debug_info    0x0001ac28     0x15e5 Src/tim.o
 .debug_info    0x0001c20d      0xe91 Src/usb_device.o
 .debug_info    0x0001d09e     0x10ae Src/usbd_cdc_if.o
 .debug_info    0x0001e14c     0x22c0 Src/usbd_conf.o
 .debug_info    0x0002040c      0xd62 Src/usbd_desc.o
 .debug_info    0x0002116e       0x73 startup/startup_stm32f303xc.o

.debug_abbrev   0x00000000     0x440d
 .debug_abbrev  0x00000000      0x2e3 Drivers/STM32F3xx_HAL_Driver/Src/stm32f3xx_hal.o
 .debug_abbrev  0x000002e3      0x2dc Drivers/STM32F3xx_HAL_Driver/Src/stm32f3xx_hal_can.o
 .debug_abbrev  0x000005bf      0x3b8 Drivers/STM32F3xx_HAL_Driver/Src/stm32f3xx_hal_cortex.o
 .debug_abbrev  0x00000977      0x2a5 Drivers/STM32F3xx_HAL_Driver/Src/stm32f3xx_hal_gpio.o
 .debug_abbrev  0x00000c1c      0x36d Drivers/STM32F3xx_HAL_Driver/Src/stm32f3xx_hal_pcd.o
 .debug_abbrev  0x00000f89      0x277 Drivers/STM32F3xx_HAL_Driver/Src/stm32f3xx_hal_pcd_ex.o
 .debug_abbrev  0x00001200      0x343 Drivers/STM32F3xx_HAL_Driver/Src/stm32f3xx_hal_rcc.o
 .debug_abbrev  0x00001543      0x334 Drivers/STM32F3xx_HAL_Driver/Src/stm32f3xx_hal_rcc_ex.o
 .debug_abbrev  0x00001877      0x2dc Drivers/STM32F3xx_HAL_Driver/Src/stm32f3xx_hal_tim.o
 .debug_abbrev  0x00001b53      0x2dc Drivers/STM32F3xx_HAL_Driver/Src/stm32f3xx_hal_tim_ex.o
 .debug_abbrev  0x00001e2f      0x312 Middlewares/ST/STM32_USB_Device_Library/Class/CDC/Src/usbd_cdc.o
 .debug_abbrev  0x00002141      0x2c6 Middlewares/ST/STM32_USB_Device_Library/Core/Src/usbd_core.o
 .debug_abbrev  0x00002407      0x327 Middlewares/ST/STM32_USB_Device_Library/Core/Src/usbd_ctlreq.o
 .debug_abbrev  0x0000272e      0x213 Middlewares/ST/STM32_USB_Device_Library/Core/Src/usbd_ioreq.o
 .debug_abbrev  0x00002941      0x272 Src/can.o
 .debug_abbrev  0x00002bb3      0x229 Src/gpio.o
 .debug_abbrev  0x00002ddc      0x2cd Src/main.o
 .debug_abbrev  0x000030a9      0x232 Src/stm32f3xx_hal_msp.o
 .debug_abbrev  0x000032db      0x21b Src/stm32f3xx_it.o
 .debug_abbrev  0x000034f6      0x205 Src/system_stm32f3xx.o
 .debug_abbrev  0x000036fb      0x2a6 Src/tim.o
 .debug_abbrev  0x000039a1      0x216 Src/usb_device.o
 .debug_abbrev  0x00003bb7      0x2c7 Src/usbd_cdc_if.o
 .debug_abbrev  0x00003e7e      0x30b Src/usbd_conf.o
 .debug_abbrev  0x00004189      0x272 Src/usbd_desc.o
 .debug_abbrev  0x000043fb       0x12 startup/startup_stm32f303xc.o

.debug_loc      0x00000000     0xacf2
 .debug_loc     0x00000000      0x108 Drivers/STM32F3xx_HAL_Driver/Src/stm32f3xx_hal.o
 .debug_loc     0x00000108      0x7e4 Drivers/STM32F3xx_HAL_Driver/Src/stm32f3xx_hal_can.o
 .debug_loc     0x000008ec      0x5ce Drivers/STM32F3xx_HAL_Driver/Src/stm32f3xx_hal_cortex.o
 .debug_loc     0x00000eba      0x331 Drivers/STM32F3xx_HAL_Driver/Src/stm32f3xx_hal_gpio.o
 .debug_loc     0x000011eb      0xd4d Drivers/STM32F3xx_HAL_Driver/Src/stm32f3xx_hal_pcd.o
 .debug_loc     0x00001f38      0x327 Drivers/STM32F3xx_HAL_Driver/Src/stm32f3xx_hal_pcd_ex.o
 .debug_loc     0x0000225f      0x908 Drivers/STM32F3xx_HAL_Driver/Src/stm32f3xx_hal_rcc.o
 .debug_loc     0x00002b67      0x811 Drivers/STM32F3xx_HAL_Driver/Src/stm32f3xx_hal_rcc_ex.o
 .debug_loc     0x00003378     0x35de Drivers/STM32F3xx_HAL_Driver/Src/stm32f3xx_hal_tim.o
 .debug_loc     0x00006956     0x18d8 Drivers/STM32F3xx_HAL_Driver/Src/stm32f3xx_hal_tim_ex.o
 .debug_loc     0x0000822e      0x4b9 Middlewares/ST/STM32_USB_Device_Library/Class/CDC/Src/usbd_cdc.o
 .debug_loc     0x000086e7      0x71c Middlewares/ST/STM32_USB_Device_Library/Core/Src/usbd_core.o
 .debug_loc     0x00008e03      0xb78 Middlewares/ST/STM32_USB_Device_Library/Core/Src/usbd_ctlreq.o
 .debug_loc     0x0000997b      0x23c Middlewares/ST/STM32_USB_Device_Library/Core/Src/usbd_ioreq.o
 .debug_loc     0x00009bb7       0x5b Src/can.o
 .debug_loc     0x00009c12       0xff Src/system_stm32f3xx.o
 .debug_loc     0x00009d11       0x6c Src/tim.o
 .debug_loc     0x00009d7d      0x113 Src/usbd_cdc_if.o
 .debug_loc     0x00009e90      0xbab Src/usbd_conf.o
 .debug_loc     0x0000aa3b      0x2b7 Src/usbd_desc.o

.debug_aranges  0x00000000      0xf18
 .debug_aranges
                0x00000000       0xe0 Drivers/STM32F3xx_HAL_Driver/Src/stm32f3xx_hal.o
 .debug_aranges
                0x000000e0       0xb0 Drivers/STM32F3xx_HAL_Driver/Src/stm32f3xx_hal_can.o
 .debug_aranges
                0x00000190       0xa8 Drivers/STM32F3xx_HAL_Driver/Src/stm32f3xx_hal_cortex.o
 .debug_aranges
                0x00000238       0x58 Drivers/STM32F3xx_HAL_Driver/Src/stm32f3xx_hal_gpio.o
 .debug_aranges
                0x00000290      0x120 Drivers/STM32F3xx_HAL_Driver/Src/stm32f3xx_hal_pcd.o
 .debug_aranges
                0x000003b0       0x38 Drivers/STM32F3xx_HAL_Driver/Src/stm32f3xx_hal_pcd_ex.o
 .debug_aranges
                0x000003e8       0x88 Drivers/STM32F3xx_HAL_Driver/Src/stm32f3xx_hal_rcc.o
 .debug_aranges
                0x00000470       0x38 Drivers/STM32F3xx_HAL_Driver/Src/stm32f3xx_hal_rcc_ex.o
 .debug_aranges
                0x000004a8      0x378 Drivers/STM32F3xx_HAL_Driver/Src/stm32f3xx_hal_tim.o
 .debug_aranges
                0x00000820      0x178 Drivers/STM32F3xx_HAL_Driver/Src/stm32f3xx_hal_tim_ex.o
 .debug_aranges
                0x00000998       0x90 Middlewares/ST/STM32_USB_Device_Library/Class/CDC/Src/usbd_cdc.o
 .debug_aranges
                0x00000a28       0xb8 Middlewares/ST/STM32_USB_Device_Library/Core/Src/usbd_core.o
 .debug_aranges
                0x00000ae0       0x88 Middlewares/ST/STM32_USB_Device_Library/Core/Src/usbd_ctlreq.o
 .debug_aranges
                0x00000b68       0x50 Middlewares/ST/STM32_USB_Device_Library/Core/Src/usbd_ioreq.o
 .debug_aranges
                0x00000bb8       0x30 Src/can.o
 .debug_aranges
                0x00000be8       0x20 Src/gpio.o
 .debug_aranges
                0x00000c08       0x30 Src/main.o
 .debug_aranges
                0x00000c38       0x20 Src/stm32f3xx_hal_msp.o
 .debug_aranges
                0x00000c58       0x68 Src/stm32f3xx_it.o
 .debug_aranges
                0x00000cc0       0x28 Src/system_stm32f3xx.o
 .debug_aranges
                0x00000ce8       0x48 Src/tim.o
 .debug_aranges
                0x00000d30       0x20 Src/usb_device.o
 .debug_aranges
                0x00000d50       0x40 Src/usbd_cdc_if.o
 .debug_aranges
                0x00000d90      0x110 Src/usbd_conf.o
 .debug_aranges
                0x00000ea0       0x50 Src/usbd_desc.o
 .debug_aranges
                0x00000ef0       0x28 startup/startup_stm32f303xc.o

.debug_ranges   0x00000000      0xea8
 .debug_ranges  0x00000000       0xd0 Drivers/STM32F3xx_HAL_Driver/Src/stm32f3xx_hal.o
 .debug_ranges  0x000000d0       0xa0 Drivers/STM32F3xx_HAL_Driver/Src/stm32f3xx_hal_can.o
 .debug_ranges  0x00000170       0xf8 Drivers/STM32F3xx_HAL_Driver/Src/stm32f3xx_hal_cortex.o
 .debug_ranges  0x00000268       0x48 Drivers/STM32F3xx_HAL_Driver/Src/stm32f3xx_hal_gpio.o
 .debug_ranges  0x000002b0      0x1a0 Drivers/STM32F3xx_HAL_Driver/Src/stm32f3xx_hal_pcd.o
 .debug_ranges  0x00000450       0x28 Drivers/STM32F3xx_HAL_Driver/Src/stm32f3xx_hal_pcd_ex.o
 .debug_ranges  0x00000478       0x98 Drivers/STM32F3xx_HAL_Driver/Src/stm32f3xx_hal_rcc.o
 .debug_ranges  0x00000510       0x40 Drivers/STM32F3xx_HAL_Driver/Src/stm32f3xx_hal_rcc_ex.o
 .debug_ranges  0x00000550      0x368 Drivers/STM32F3xx_HAL_Driver/Src/stm32f3xx_hal_tim.o
 .debug_ranges  0x000008b8      0x168 Drivers/STM32F3xx_HAL_Driver/Src/stm32f3xx_hal_tim_ex.o
 .debug_ranges  0x00000a20       0x80 Middlewares/ST/STM32_USB_Device_Library/Class/CDC/Src/usbd_cdc.o
 .debug_ranges  0x00000aa0       0xa8 Middlewares/ST/STM32_USB_Device_Library/Core/Src/usbd_core.o
 .debug_ranges  0x00000b48       0x78 Middlewares/ST/STM32_USB_Device_Library/Core/Src/usbd_ctlreq.o
 .debug_ranges  0x00000bc0       0x40 Middlewares/ST/STM32_USB_Device_Library/Core/Src/usbd_ioreq.o
 .debug_ranges  0x00000c00       0x20 Src/can.o
 .debug_ranges  0x00000c20       0x10 Src/gpio.o
 .debug_ranges  0x00000c30       0x20 Src/main.o
 .debug_ranges  0x00000c50       0x10 Src/stm32f3xx_hal_msp.o
 .debug_ranges  0x00000c60       0x58 Src/stm32f3xx_it.o
 .debug_ranges  0x00000cb8       0x18 Src/system_stm32f3xx.o
 .debug_ranges  0x00000cd0       0x38 Src/tim.o
 .debug_ranges  0x00000d08       0x10 Src/usb_device.o
 .debug_ranges  0x00000d18       0x30 Src/usbd_cdc_if.o
 .debug_ranges  0x00000d48      0x100 Src/usbd_conf.o
 .debug_ranges  0x00000e48       0x40 Src/usbd_desc.o
 .debug_ranges  0x00000e88       0x20 startup/startup_stm32f303xc.o

.debug_macro    0x00000000    0x1def8
 .debug_macro   0x00000000      0x348 Drivers/STM32F3xx_HAL_Driver/Src/stm32f3xx_hal.o
 .debug_macro   0x00000348      0x8bc Drivers/STM32F3xx_HAL_Driver/Src/stm32f3xx_hal.o
 .debug_macro   0x00000c04       0x10 Drivers/STM32F3xx_HAL_Driver/Src/stm32f3xx_hal.o
 .debug_macro   0x00000c14       0xab Drivers/STM32F3xx_HAL_Driver/Src/stm32f3xx_hal.o
 .debug_macro   0x00000cbf       0x2f Drivers/STM32F3xx_HAL_Driver/Src/stm32f3xx_hal.o
 .debug_macro   0x00000cee       0x28 Drivers/STM32F3xx_HAL_Driver/Src/stm32f3xx_hal.o
 .debug_macro   0x00000d16       0x22 Drivers/STM32F3xx_HAL_Driver/Src/stm32f3xx_hal.o
 .debug_macro   0x00000d38       0x87 Drivers/STM32F3xx_HAL_Driver/Src/stm32f3xx_hal.o
 .debug_macro   0x00000dbf       0x51 Drivers/STM32F3xx_HAL_Driver/Src/stm32f3xx_hal.o
 .debug_macro   0x00000e10       0xef Drivers/STM32F3xx_HAL_Driver/Src/stm32f3xx_hal.o
 .debug_macro   0x00000eff       0x6a Drivers/STM32F3xx_HAL_Driver/Src/stm32f3xx_hal.o
 .debug_macro   0x00000f69      0x1df Drivers/STM32F3xx_HAL_Driver/Src/stm32f3xx_hal.o
 .debug_macro   0x00001148       0x35 Drivers/STM32F3xx_HAL_Driver/Src/stm32f3xx_hal.o
 .debug_macro   0x0000117d       0x50 Drivers/STM32F3xx_HAL_Driver/Src/stm32f3xx_hal.o
 .debug_macro   0x000011cd      0xe66 Drivers/STM32F3xx_HAL_Driver/Src/stm32f3xx_hal.o
 .debug_macro   0x00002033    0x12a56 Drivers/STM32F3xx_HAL_Driver/Src/stm32f3xx_hal.o
 .debug_macro   0x00014a89       0x43 Drivers/STM32F3xx_HAL_Driver/Src/stm32f3xx_hal.o
 .debug_macro   0x00014acc       0x58 Drivers/STM32F3xx_HAL_Driver/Src/stm32f3xx_hal.o
 .debug_macro   0x00014b24       0x35 Drivers/STM32F3xx_HAL_Driver/Src/stm32f3xx_hal.o
 .debug_macro   0x00014b59       0x9c Drivers/STM32F3xx_HAL_Driver/Src/stm32f3xx_hal.o
 .debug_macro   0x00014bf5       0x16 Drivers/STM32F3xx_HAL_Driver/Src/stm32f3xx_hal.o
 .debug_macro   0x00014c0b       0x97 Drivers/STM32F3xx_HAL_Driver/Src/stm32f3xx_hal.o
 .debug_macro   0x00014ca2      0x330 Drivers/STM32F3xx_HAL_Driver/Src/stm32f3xx_hal.o
 .debug_macro   0x00014fd2       0xfd Drivers/STM32F3xx_HAL_Driver/Src/stm32f3xx_hal.o
 .debug_macro   0x000150cf       0x10 Drivers/STM32F3xx_HAL_Driver/Src/stm32f3xx_hal.o
 .debug_macro   0x000150df       0x58 Drivers/STM32F3xx_HAL_Driver/Src/stm32f3xx_hal.o
 .debug_macro   0x00015137       0x1f Drivers/STM32F3xx_HAL_Driver/Src/stm32f3xx_hal.o
 .debug_macro   0x00015156       0x43 Drivers/STM32F3xx_HAL_Driver/Src/stm32f3xx_hal.o
 .debug_macro   0x00015199       0x20 Drivers/STM32F3xx_HAL_Driver/Src/stm32f3xx_hal.o
 .debug_macro   0x000151b9      0x187 Drivers/STM32F3xx_HAL_Driver/Src/stm32f3xx_hal.o
 .debug_macro   0x00015340       0x10 Drivers/STM32F3xx_HAL_Driver/Src/stm32f3xx_hal.o
 .debug_macro   0x00015350       0x1c Drivers/STM32F3xx_HAL_Driver/Src/stm32f3xx_hal.o
 .debug_macro   0x0001536c       0x52 Drivers/STM32F3xx_HAL_Driver/Src/stm32f3xx_hal.o
 .debug_macro   0x000153be       0x40 Drivers/STM32F3xx_HAL_Driver/Src/stm32f3xx_hal.o
 .debug_macro   0x000153fe       0x10 Drivers/STM32F3xx_HAL_Driver/Src/stm32f3xx_hal.o
 .debug_macro   0x0001540e       0x40 Drivers/STM32F3xx_HAL_Driver/Src/stm32f3xx_hal.o
 .debug_macro   0x0001544e       0xd7 Drivers/STM32F3xx_HAL_Driver/Src/stm32f3xx_hal.o
 .debug_macro   0x00015525       0x16 Drivers/STM32F3xx_HAL_Driver/Src/stm32f3xx_hal.o
 .debug_macro   0x0001553b      0x18b Drivers/STM32F3xx_HAL_Driver/Src/stm32f3xx_hal.o
 .debug_macro   0x000156c6       0x49 Drivers/STM32F3xx_HAL_Driver/Src/stm32f3xx_hal.o
 .debug_macro   0x0001570f      0x968 Drivers/STM32F3xx_HAL_Driver/Src/stm32f3xx_hal.o
 .debug_macro   0x00016077      0x5fe Drivers/STM32F3xx_HAL_Driver/Src/stm32f3xx_hal.o
 .debug_macro   0x00016675      0x13a Drivers/STM32F3xx_HAL_Driver/Src/stm32f3xx_hal.o
 .debug_macro   0x000167af      0x1fb Drivers/STM32F3xx_HAL_Driver/Src/stm32f3xx_hal.o
 .debug_macro   0x000169aa      0x1bc Drivers/STM32F3xx_HAL_Driver/Src/stm32f3xx_hal.o
 .debug_macro   0x00016b66       0x31 Drivers/STM32F3xx_HAL_Driver/Src/stm32f3xx_hal.o
 .debug_macro   0x00016b97       0x3c Drivers/STM32F3xx_HAL_Driver/Src/stm32f3xx_hal.o
 .debug_macro   0x00016bd3      0x23a Drivers/STM32F3xx_HAL_Driver/Src/stm32f3xx_hal.o
 .debug_macro   0x00016e0d      0x391 Drivers/STM32F3xx_HAL_Driver/Src/stm32f3xx_hal.o
 .debug_macro   0x0001719e       0xcb Drivers/STM32F3xx_HAL_Driver/Src/stm32f3xx_hal.o
 .debug_macro   0x00017269      0x22b Drivers/STM32F3xx_HAL_Driver/Src/stm32f3xx_hal.o
 .debug_macro   0x00017494      0x209 Drivers/STM32F3xx_HAL_Driver/Src/stm32f3xx_hal.o
 .debug_macro   0x0001769d       0x5b Drivers/STM32F3xx_HAL_Driver/Src/stm32f3xx_hal.o
 .debug_macro   0x000176f8       0x90 Drivers/STM32F3xx_HAL_Driver/Src/stm32f3xx_hal.o
 .debug_macro   0x00017788       0x28 Drivers/STM32F3xx_HAL_Driver/Src/stm32f3xx_hal.o
 .debug_macro   0x000177b0      0x265 Drivers/STM32F3xx_HAL_Driver/Src/stm32f3xx_hal.o
 .debug_macro   0x00017a15       0x82 Drivers/STM32F3xx_HAL_Driver/Src/stm32f3xx_hal.o
 .debug_macro   0x00017a97       0xd3 Drivers/STM32F3xx_HAL_Driver/Src/stm32f3xx_hal.o
 .debug_macro   0x00017b6a      0x6af Drivers/STM32F3xx_HAL_Driver/Src/stm32f3xx_hal.o
 .debug_macro   0x00018219      0x38a Drivers/STM32F3xx_HAL_Driver/Src/stm32f3xx_hal.o
 .debug_macro   0x000185a3      0x277 Drivers/STM32F3xx_HAL_Driver/Src/stm32f3xx_hal.o
 .debug_macro   0x0001881a      0x32b Drivers/STM32F3xx_HAL_Driver/Src/stm32f3xx_hal_can.o
 .debug_macro   0x00018b45      0x324 Drivers/STM32F3xx_HAL_Driver/Src/stm32f3xx_hal_cortex.o
 .debug_macro   0x00018e69      0x35c Drivers/STM32F3xx_HAL_Driver/Src/stm32f3xx_hal_gpio.o
 .debug_macro   0x000191c5      0x32a Drivers/STM32F3xx_HAL_Driver/Src/stm32f3xx_hal_pcd.o
 .debug_macro   0x000194ef      0x324 Drivers/STM32F3xx_HAL_Driver/Src/stm32f3xx_hal_pcd_ex.o
 .debug_macro   0x00019813      0x348 Drivers/STM32F3xx_HAL_Driver/Src/stm32f3xx_hal_rcc.o
 .debug_macro   0x00019b5b      0x324 Drivers/STM32F3xx_HAL_Driver/Src/stm32f3xx_hal_rcc_ex.o
 .debug_macro   0x00019e7f      0x324 Drivers/STM32F3xx_HAL_Driver/Src/stm32f3xx_hal_tim.o
 .debug_macro   0x0001a1a3      0x330 Drivers/STM32F3xx_HAL_Driver/Src/stm32f3xx_hal_tim_ex.o
 .debug_macro   0x0001a4d3      0x3da Middlewares/ST/STM32_USB_Device_Library/Class/CDC/Src/usbd_cdc.o
 .debug_macro   0x0001a8ad       0x52 Middlewares/ST/STM32_USB_Device_Library/Class/CDC/Src/usbd_cdc.o
 .debug_macro   0x0001a8ff       0x8d Middlewares/ST/STM32_USB_Device_Library/Class/CDC/Src/usbd_cdc.o
 .debug_macro   0x0001a98c       0x57 Middlewares/ST/STM32_USB_Device_Library/Class/CDC/Src/usbd_cdc.o
 .debug_macro   0x0001a9e3       0x16 Middlewares/ST/STM32_USB_Device_Library/Class/CDC/Src/usbd_cdc.o
 .debug_macro   0x0001a9f9       0x35 Middlewares/ST/STM32_USB_Device_Library/Class/CDC/Src/usbd_cdc.o
 .debug_macro   0x0001aa2e       0x16 Middlewares/ST/STM32_USB_Device_Library/Class/CDC/Src/usbd_cdc.o
 .debug_macro   0x0001aa44       0x29 Middlewares/ST/STM32_USB_Device_Library/Class/CDC/Src/usbd_cdc.o
 .debug_macro   0x0001aa6d       0x16 Middlewares/ST/STM32_USB_Device_Library/Class/CDC/Src/usbd_cdc.o
 .debug_macro   0x0001aa83       0x64 Middlewares/ST/STM32_USB_Device_Library/Class/CDC/Src/usbd_cdc.o
 .debug_macro   0x0001aae7      0x1c3 Middlewares/ST/STM32_USB_Device_Library/Class/CDC/Src/usbd_cdc.o
 .debug_macro   0x0001acaa       0x83 Middlewares/ST/STM32_USB_Device_Library/Class/CDC/Src/usbd_cdc.o
 .debug_macro   0x0001ad2d      0x3c1 Middlewares/ST/STM32_USB_Device_Library/Core/Src/usbd_core.o
 .debug_macro   0x0001b0ee      0x3c1 Middlewares/ST/STM32_USB_Device_Library/Core/Src/usbd_ctlreq.o
 .debug_macro   0x0001b4af      0x3bd Middlewares/ST/STM32_USB_Device_Library/Core/Src/usbd_ioreq.o
 .debug_macro   0x0001b86c      0x338 Src/can.o
 .debug_macro   0x0001bba4      0x32e Src/gpio.o
 .debug_macro   0x0001bed2      0x3cd Src/main.o
 .debug_macro   0x0001c29f      0x324 Src/stm32f3xx_hal_msp.o
 .debug_macro   0x0001c5c3      0x32e Src/stm32f3xx_it.o
 .debug_macro   0x0001c8f1      0x32a Src/system_stm32f3xx.o
 .debug_macro   0x0001cc1b      0x32e Src/tim.o
 .debug_macro   0x0001cf49      0x3f8 Src/usb_device.o
 .debug_macro   0x0001d341      0x3e2 Src/usbd_cdc_if.o
 .debug_macro   0x0001d723      0x3da Src/usbd_conf.o
 .debug_macro   0x0001dafd      0x3fb Src/usbd_desc.o

.debug_line     0x00000000    0x10565
 .debug_line    0x00000000      0x95a Drivers/STM32F3xx_HAL_Driver/Src/stm32f3xx_hal.o
 .debug_line    0x0000095a      0xd32 Drivers/STM32F3xx_HAL_Driver/Src/stm32f3xx_hal_can.o
 .debug_line    0x0000168c      0x98a Drivers/STM32F3xx_HAL_Driver/Src/stm32f3xx_hal_cortex.o
 .debug_line    0x00002016      0x8e9 Drivers/STM32F3xx_HAL_Driver/Src/stm32f3xx_hal_gpio.o
 .debug_line    0x000028ff      0xd38 Drivers/STM32F3xx_HAL_Driver/Src/stm32f3xx_hal_pcd.o
 .debug_line    0x00003637      0x829 Drivers/STM32F3xx_HAL_Driver/Src/stm32f3xx_hal_pcd_ex.o
 .debug_line    0x00003e60      0xc42 Drivers/STM32F3xx_HAL_Driver/Src/stm32f3xx_hal_rcc.o
 .debug_line    0x00004aa2      0xa20 Drivers/STM32F3xx_HAL_Driver/Src/stm32f3xx_hal_rcc_ex.o
 .debug_line    0x000054c2     0x19e8 Drivers/STM32F3xx_HAL_Driver/Src/stm32f3xx_hal_tim.o
 .debug_line    0x00006eaa      0xef4 Drivers/STM32F3xx_HAL_Driver/Src/stm32f3xx_hal_tim_ex.o
 .debug_line    0x00007d9e      0xa86 Middlewares/ST/STM32_USB_Device_Library/Class/CDC/Src/usbd_cdc.o
 .debug_line    0x00008824      0xa80 Middlewares/ST/STM32_USB_Device_Library/Core/Src/usbd_core.o
 .debug_line    0x000092a4      0xa95 Middlewares/ST/STM32_USB_Device_Library/Core/Src/usbd_ctlreq.o
 .debug_line    0x00009d39      0x90b Middlewares/ST/STM32_USB_Device_Library/Core/Src/usbd_ioreq.o
 .debug_line    0x0000a644      0x7d6 Src/can.o
 .debug_line    0x0000ae1a      0x78d Src/gpio.o
 .debug_line    0x0000b5a7      0x8d4 Src/main.o
 .debug_line    0x0000be7b      0x789 Src/stm32f3xx_hal_msp.o
 .debug_line    0x0000c604      0x820 Src/stm32f3xx_it.o
 .debug_line    0x0000ce24      0x7b3 Src/system_stm32f3xx.o
 .debug_line    0x0000d5d7      0x86e Src/tim.o
 .debug_line    0x0000de45      0x908 Src/usb_device.o
 .debug_line    0x0000e74d      0x937 Src/usbd_cdc_if.o
 .debug_line    0x0000f084      0xb6e Src/usbd_conf.o
 .debug_line    0x0000fbf2      0x8f4 Src/usbd_desc.o
 .debug_line    0x000104e6       0x7f startup/startup_stm32f303xc.o

.debug_str      0x00000000    0x99f08
 .debug_str     0x00000000    0x9526c Drivers/STM32F3xx_HAL_Driver/Src/stm32f3xx_hal.o
                              0x955ec (size before relaxing)
 .debug_str     0x0009526c      0x561 Drivers/STM32F3xx_HAL_Driver/Src/stm32f3xx_hal_can.o
                              0x95286 (size before relaxing)
 .debug_str     0x000957cd      0x3b7 Drivers/STM32F3xx_HAL_Driver/Src/stm32f3xx_hal_cortex.o
                              0x9562b (size before relaxing)
 .debug_str     0x00095b84      0x2a9 Drivers/STM32F3xx_HAL_Driver/Src/stm32f3xx_hal_gpio.o
                              0x95003 (size before relaxing)
 .debug_str     0x00095e2d      0x606 Drivers/STM32F3xx_HAL_Driver/Src/stm32f3xx_hal_pcd.o
                              0x95375 (size before relaxing)
 .debug_str     0x00096433       0x8c Drivers/STM32F3xx_HAL_Driver/Src/stm32f3xx_hal_pcd_ex.o
                              0x9505d (size before relaxing)
 .debug_str     0x000964bf      0x3fe Drivers/STM32F3xx_HAL_Driver/Src/stm32f3xx_hal_rcc.o
                              0x9520d (size before relaxing)
 .debug_str     0x000968bd      0x22f Drivers/STM32F3xx_HAL_Driver/Src/stm32f3xx_hal_rcc_ex.o
                              0x95017 (size before relaxing)
 .debug_str     0x00096aec     0x1104 Drivers/STM32F3xx_HAL_Driver/Src/stm32f3xx_hal_tim.o
                              0x95eb2 (size before relaxing)
 .debug_str     0x00097bf0      0x5ce Drivers/STM32F3xx_HAL_Driver/Src/stm32f3xx_hal_tim_ex.o
                              0x95918 (size before relaxing)
 .debug_str     0x000981be     0x12ca Middlewares/ST/STM32_USB_Device_Library/Class/CDC/Src/usbd_cdc.o
                              0x96062 (size before relaxing)
 .debug_str     0x00099488      0x29b Middlewares/ST/STM32_USB_Device_Library/Core/Src/usbd_core.o
                              0x95d23 (size before relaxing)
 .debug_str     0x00099723      0x12e Middlewares/ST/STM32_USB_Device_Library/Core/Src/usbd_ctlreq.o
                              0x95c3d (size before relaxing)
 .debug_str     0x00099851       0x51 Middlewares/ST/STM32_USB_Device_Library/Core/Src/usbd_ioreq.o
                              0x95b6a (size before relaxing)
 .debug_str     0x000998a2       0x69 Src/can.o
                              0x95212 (size before relaxing)
 .debug_str     0x0009990b       0x1b Src/gpio.o
                              0x94dc3 (size before relaxing)
 .debug_str     0x00099926       0xf3 Src/main.o
                              0x9697d (size before relaxing)
 .debug_str     0x00099a19       0x1b Src/stm32f3xx_hal_msp.o
                              0x9516c (size before relaxing)
 .debug_str     0x00099a34       0xd6 Src/stm32f3xx_it.o
                              0x95057 (size before relaxing)
 .debug_str     0x00099b0a       0x64 Src/system_stm32f3xx.o
                              0x94da6 (size before relaxing)
 .debug_str     0x00099b6e       0x43 Src/tim.o
                              0x953ff (size before relaxing)
 .debug_str     0x00099bb1       0x3e Src/usb_device.o
                              0x95dda (size before relaxing)
 .debug_str     0x00099bef       0xa7 Src/usbd_cdc_if.o
                              0x95edb (size before relaxing)
 .debug_str     0x00099c96       0x51 Src/usbd_conf.o
                              0x96a92 (size before relaxing)
 .debug_str     0x00099ce7      0x221 Src/usbd_desc.o
                              0x95a03 (size before relaxing)

.comment        0x00000000       0x7f
 .comment       0x00000000       0x7f Drivers/STM32F3xx_HAL_Driver/Src/stm32f3xx_hal.o
                                 0x80 (size before relaxing)
 .comment       0x0000007f       0x80 Drivers/STM32F3xx_HAL_Driver/Src/stm32f3xx_hal_can.o
 .comment       0x0000007f       0x80 Drivers/STM32F3xx_HAL_Driver/Src/stm32f3xx_hal_cortex.o
 .comment       0x0000007f       0x80 Drivers/STM32F3xx_HAL_Driver/Src/stm32f3xx_hal_gpio.o
 .comment       0x0000007f       0x80 Drivers/STM32F3xx_HAL_Driver/Src/stm32f3xx_hal_pcd.o
 .comment       0x0000007f       0x80 Drivers/STM32F3xx_HAL_Driver/Src/stm32f3xx_hal_pcd_ex.o
 .comment       0x0000007f       0x80 Drivers/STM32F3xx_HAL_Driver/Src/stm32f3xx_hal_rcc.o
 .comment       0x0000007f       0x80 Drivers/STM32F3xx_HAL_Driver/Src/stm32f3xx_hal_rcc_ex.o
 .comment       0x0000007f       0x80 Drivers/STM32F3xx_HAL_Driver/Src/stm32f3xx_hal_tim.o
 .comment       0x0000007f       0x80 Drivers/STM32F3xx_HAL_Driver/Src/stm32f3xx_hal_tim_ex.o
 .comment       0x0000007f       0x80 Middlewares/ST/STM32_USB_Device_Library/Class/CDC/Src/usbd_cdc.o
 .comment       0x0000007f       0x80 Middlewares/ST/STM32_USB_Device_Library/Core/Src/usbd_core.o
 .comment       0x0000007f       0x80 Middlewares/ST/STM32_USB_Device_Library/Core/Src/usbd_ctlreq.o
 .comment       0x0000007f       0x80 Middlewares/ST/STM32_USB_Device_Library/Core/Src/usbd_ioreq.o
 .comment       0x0000007f       0x80 Src/can.o
 .comment       0x0000007f       0x80 Src/gpio.o
 .comment       0x0000007f       0x80 Src/main.o
 .comment       0x0000007f       0x80 Src/stm32f3xx_hal_msp.o
 .comment       0x0000007f       0x80 Src/stm32f3xx_it.o
 .comment       0x0000007f       0x80 Src/system_stm32f3xx.o
 .comment       0x0000007f       0x80 Src/tim.o
 .comment       0x0000007f       0x80 Src/usb_device.o
 .comment       0x0000007f       0x80 Src/usbd_cdc_if.o
 .comment       0x0000007f       0x80 Src/usbd_conf.o
 .comment       0x0000007f       0x80 Src/usbd_desc.o

.debug_frame    0x00000000     0x25e4
 .debug_frame   0x00000000      0x1cc Drivers/STM32F3xx_HAL_Driver/Src/stm32f3xx_hal.o
 .debug_frame   0x000001cc      0x208 Drivers/STM32F3xx_HAL_Driver/Src/stm32f3xx_hal_can.o
 .debug_frame   0x000003d4      0x15c Drivers/STM32F3xx_HAL_Driver/Src/stm32f3xx_hal_cortex.o
 .debug_frame   0x00000530       0xd0 Drivers/STM32F3xx_HAL_Driver/Src/stm32f3xx_hal_gpio.o
 .debug_frame   0x00000600      0x2d8 Drivers/STM32F3xx_HAL_Driver/Src/stm32f3xx_hal_pcd.o
 .debug_frame   0x000008d8       0x78 Drivers/STM32F3xx_HAL_Driver/Src/stm32f3xx_hal_pcd_ex.o
 .debug_frame   0x00000950      0x14c Drivers/STM32F3xx_HAL_Driver/Src/stm32f3xx_hal_rcc.o
 .debug_frame   0x00000a9c       0x7c Drivers/STM32F3xx_HAL_Driver/Src/stm32f3xx_hal_rcc_ex.o
 .debug_frame   0x00000b18      0xa1c Drivers/STM32F3xx_HAL_Driver/Src/stm32f3xx_hal_tim.o
 .debug_frame   0x00001534      0x45c Drivers/STM32F3xx_HAL_Driver/Src/stm32f3xx_hal_tim_ex.o
 .debug_frame   0x00001990      0x14c Middlewares/ST/STM32_USB_Device_Library/Class/CDC/Src/usbd_cdc.o
 .debug_frame   0x00001adc      0x1bc Middlewares/ST/STM32_USB_Device_Library/Core/Src/usbd_core.o
 .debug_frame   0x00001c98      0x178 Middlewares/ST/STM32_USB_Device_Library/Core/Src/usbd_ctlreq.o
 .debug_frame   0x00001e10       0xb8 Middlewares/ST/STM32_USB_Device_Library/Core/Src/usbd_ioreq.o
 .debug_frame   0x00001ec8       0x64 Src/can.o
 .debug_frame   0x00001f2c       0x34 Src/gpio.o
 .debug_frame   0x00001f60       0x58 Src/main.o
 .debug_frame   0x00001fb8       0x2c Src/stm32f3xx_hal_msp.o
 .debug_frame   0x00001fe4       0xc0 Src/stm32f3xx_it.o
 .debug_frame   0x000020a4       0x30 Src/system_stm32f3xx.o
 .debug_frame   0x000020d4       0xbc Src/tim.o
 .debug_frame   0x00002190       0x28 Src/usb_device.o
 .debug_frame   0x000021b8       0x78 Src/usbd_cdc_if.o
 .debug_frame   0x00002230      0x2e0 Src/usbd_conf.o
 .debug_frame   0x00002510       0xa8 Src/usbd_desc.o
 .debug_frame   0x000025b8       0x2c c:/ac6/systemworkbench/plugins/fr.ac6.mcu.externaltools.arm-none.win32_1.15.0.201708311556/tools/compiler/bin/../lib/gcc/arm-none-eabi/6.3.1/../../../../arm-none-eabi/lib/thumb/v7e-m/fpv4-sp/hard\libc_nano.a(lib_a-init.o)
